1943-03-09 to 1972-07-11, day 10717:
  Physical day 22: -27% (down but rising, next transition 1972-07-12)
  Emotional day 21: valley
  Mental day 25: valley

1809-01-12 to 1863-11-19, day 20034:
  Physical day 1: 26.9% (up and rising, next peak 1863-11-23)
  Emotional day 14: critical transition
  Mental day 3: 54% (up and rising, next peak 1863-11-24)

<<image biorhythms.png>>
