Shifted by 9 seconds:

1
00:01:40,550 --> 00:01:45,347
Four billion years ago,
the first marine life forms.

2
00:01:45,555 --> 00:01:51,019
First came the fish...then slowly
...

Shifted by -9 seconds:

1
00:01:22,550 --> 00:01:27,347
Four billion years ago,
the first marine life forms.

2
00:01:27,555 --> 00:01:33,019
First came the fish...then slowly
...

