.......###############...............................................................
.......###############...............................................................
......#################..............................................................
O......###############...............................................................
OO.....###############...............................................................
OO.....###############....................#.........................#................
OO......#############...................#####...................#########............
OO......#############...................#####..................###########...........
OO.......###########...................#######................#############..........
OO.........#######......................#####................###############.........
OO............#.........................#####...............#################........
OO........................................#.................#################........
O...........................................................#################........
............................................................#################........
...........................................................###################.......
............................................................#################........

18 boids, 240 frames
17 crossings of the cave
0 boids found inside a wall
<<image boids.png>>
