key: THECHESHIRECAT

THISWASTHEPOEMTHATALICEREADJABBERWOCKYTWASBRILLIGANDTHESLITH
YTOVESDIDGYREANDGIMBLEINTHEWABEALLMIMSYWERETHEBOROGOVESANDTH
EMOMERATHSOUTGRABEBEWARETHEJABBERWOCKMYSONTHEJAWSTHATBITETHE
CLAWSTHATCATCHBEWARETHEJUBJUBBIRDANDSHUNTHEFRUMIOUSBANDERSNA
TCHHETOOKHISVORPALSWORDINHANDLONGTIMETHEMANXOMEFOEHESOUGHTSO
RESTEDHEBYTHETUMTUMTREEANDSTOODAWHILEINTHOUGHTANDASINUFFISHT
HOUGHTHESTOODTHEJABBERWOCKWITHEYESOFFLAMECAMEWHIFFLINGTHROUG
HTHETULGEYWOODANDBURBLEDASITCAMEONETWOONETWOANDTHROUGHANDTHR
OUGHTHEVORPALBLADEWENTSNICKERSNACKHELEFTITDEADANDWITHITSHEAD
HEWENTGALUMPHINGBACKANDHASTTHOUSLAINTHEJABBERWOCKCOMETOMYARM
SMYBEAMISHBOYOFRABJOUSDAYCALLOOHCALLAYHECHORTLEDINHISJOYTWAS
BRILLIGANDTHESLITHYTOVESDIDGYREANDGIMBLEINTHEWABEALLMIMSYWER
ETHEBOROGOVESANDTHEMOMERATHSOUTGRABEITSEEMSVERYPRETTYSHESAID
WHENSHEHADFINISHEDITBUTITSRATHERHARDTOUNDERSTAND
