x = -5, p = 2:  -x ** p =   25  -(x) ** p =   25  (-x) ** p =   25  -(x ** p) =  -25
x = -5, p = 3:  -x ** p =  125  -(x) ** p =  125  (-x) ** p =  125  -(x ** p) =  125
x =  5, p = 2:  -x ** p =   25  -(x) ** p =   25  (-x) ** p =   25  -(x ** p) =  -25
x =  5, p = 3:  -x ** p = -125  -(x) ** p = -125  (-x) ** p = -125  -(x ** p) = -125
