  n    polynomial     binomials
  1             1             1
  2             2             2
  3             4             4
  4             8             8
  5            16            16
  6            31            31
  7            57            57
  8            99            99
  9           163           163
 10           256           256
 11           386           386
 12           562           562
 13           794           794
 14          1093          1093
 15          1471          1471
 16          1941          1941
 17          2517          2517
 18          3214          3214
 19          4048          4048
 20          5036          5036
