                                       2  probably prime
                                       3  probably prime
                                       4  composite
                                       9  composite
                                      97  probably prime
                                     561  composite
                                    7919  probably prime
                                 1000003  probably prime
                                 1000001  composite
                              2147483647  probably prime
                     2305843009213693951  probably prime
                     2305843009213693953  composite
 170141183460469231731687303715884105727  probably prime
