chernicks-carmichael-numbers.ghul(56,1,69,3): warning definite-return: function may not return a value on all paths [chernicks-carmichael-numbers.ghulproj]
chernicks-carmichael-numbers.ghul(73,53,73,68): warning impure-function-argument: argument must be a pure function [chernicks-carmichael-numbers.ghulproj]
chernicks-carmichael-numbers.ghul(76,40,76,51): warning impure-function-argument: argument must be a pure function [chernicks-carmichael-numbers.ghulproj]
