chernicks-carmichael-numbers.ghul(66,41,66,56): warning impure-function-argument: argument must be a pure function [chernicks-carmichael-numbers.ghulproj]
chernicks-carmichael-numbers.ghul(69,40,69,51): warning impure-function-argument: argument must be a pure function [chernicks-carmichael-numbers.ghulproj]
