chernicks-carmichael-numbers.ghul(51,1,64,3): warning definite-return: function may not return a value on all paths [chernicks-carmichael-numbers.ghulproj]
chernicks-carmichael-numbers.ghul(68,53,68,68): warning impure-function-argument: argument must be a pure function [chernicks-carmichael-numbers.ghulproj]
chernicks-carmichael-numbers.ghul(71,40,71,51): warning impure-function-argument: argument must be a pure function [chernicks-carmichael-numbers.ghulproj]
