12 players:
round  1:   1 v 12    2 v 11    3 v 10    4 v 9     5 v 8     6 v 7
round  2:   1 v 11   12 v 10    2 v 9     3 v 8     4 v 7     5 v 6
round  3:   1 v 10   11 v 9    12 v 8     2 v 7     3 v 6     4 v 5
round  4:   1 v 9    10 v 8    11 v 7    12 v 6     2 v 5     3 v 4
round  5:   1 v 8     9 v 7    10 v 6    11 v 5    12 v 4     2 v 3
round  6:   1 v 7     8 v 6     9 v 5    10 v 4    11 v 3    12 v 2
round  7:   1 v 6     7 v 5     8 v 4     9 v 3    10 v 2    11 v 12
round  8:   1 v 5     6 v 4     7 v 3     8 v 2     9 v 12   10 v 11
round  9:   1 v 4     5 v 3     6 v 2     7 v 12    8 v 11    9 v 10
round 10:   1 v 3     4 v 2     5 v 12    6 v 11    7 v 10    8 v 9
round 11:   1 v 2     3 v 12    4 v 11    5 v 10    6 v 9     7 v 8

5 players:
round  1:   1 v bye   2 v 5     3 v 4
round  2:   1 v 5   bye v 4     2 v 3
round  3:   1 v 4     5 v 3   bye v 2
round  4:   1 v 3     4 v 2     5 v bye
round  5:   1 v 2     3 v bye   4 v 5

