keys: a left, d right, w rotate, s soft drop, x hard drop
|...OO.....|  next
|...OO.....|    L 
|..........|  LLL 
|..........|
|..........|  score 0
|..........|
|..........|
|..........|
|..........|
|..........|
|..........|
|..........|
+----------+
> aaax
|.....L....|  next
|...LLL....|  J   
|..........|  JJJ 
|..........|
|..........|  score 0
|..........|
|..........|
|..........|
|..........|
|..........|
|OO........|
|OO........|
+----------+
> ax
|...J......|  next
|...JJJ....|   SS 
|..........|  SS  
|..........|
|..........|  score 0
|..........|
|..........|
|..........|
|..........|
|..........|
|OO..L.....|
|OOLLL.....|
+----------+
> ddx
|....SS....|  next
|...SS.....|      
|..........|  IIII
|..........|
|..........|  score 0
|..........|
|..........|
|..........|
|..........|
|..........|
|OO..LJ....|
|OOLLLJJJ..|
+----------+
> wdddx
|..........|  next
|...IIII...|  ZZ  
|..........|   ZZ 
|..........|
|..........|  score 0
|..........|
|..........|
|..........|
|..........|
|.......S..|
|OO..LJ.SS.|
|OOLLLJJJS.|
+----------+
> wddddx
|...ZZ.....|  next
|....ZZ....|   T  
|..........|  TTT 
|..........|
|..........|  score 100
|..........|
|..........|
|..........|
|..........|
|.........I|
|.......S.I|
|OO..LJ.SSI|
+----------+
> ssaaax
|....T.....|  next
|...TTT....|  ZZ  
|..........|   ZZ 
|..........|
|..........|  score 100
|..........|
|..........|
|..........|
|..........|
|ZZ.......I|
|.ZZ....S.I|
|OO..LJ.SSI|
+----------+
> wwdx
|...ZZ.....|  next
|....ZZ....|      
|..........|  IIII
|..........|
|..........|  score 100
|..........|
|..........|
|..........|
|..........|
|ZZ..TTT..I|
|.ZZ..T.S.I|
|OO..LJ.SSI|
+----------+
