trial  1:  6 black in the black pile,  6 red in the red pile: holds
trial  2:  6 black in the black pile,  6 red in the red pile: holds
trial  3:  7 black in the black pile,  7 red in the red pile: holds
trial  4:  5 black in the black pile,  5 red in the red pile: holds
trial  5:  9 black in the black pile,  9 red in the red pile: holds
trial  6:  7 black in the black pile,  7 red in the red pile: holds
trial  7:  7 black in the black pile,  7 red in the red pile: holds
trial  8:  8 black in the black pile,  8 red in the red pile: holds
trial  9:  6 black in the black pile,  6 red in the red pile: holds
trial 10:  5 black in the black pile,  5 red in the red pile: holds
