universal-lambda-machine.ghul(15,25,15,34): warning synthesized-equality-fallback: ENV? defines no =~, so this field compares with the default equality comparer [universal-lambda-machine.ghulproj]
universal-lambda-machine.ghul(16,12,16,23): warning synthesized-equality-fallback: THUNK defines no =~, so this field compares by reference [universal-lambda-machine.ghulproj]
universal-lambda-machine.ghul(16,25,16,36): warning synthesized-equality-fallback: THUNK defines no =~, so this field compares by reference [universal-lambda-machine.ghulproj]
universal-lambda-machine.ghul(24,14,24,26): warning synthesized-equality-fallback: THUNK defines no =~, so this field compares by reference [universal-lambda-machine.ghulproj]
universal-lambda-machine.ghul(25,12,25,24): warning synthesized-equality-fallback: THUNK defines no =~, so this field compares by reference [universal-lambda-machine.ghulproj]
universal-lambda-machine.ghul(31,10,31,21): warning synthesized-equality-fallback: THUNK defines no =~, so this field compares by reference [universal-lambda-machine.ghulproj]
universal-lambda-machine.ghul(31,23,31,34): warning synthesized-equality-fallback: THUNK defines no =~, so this field compares by reference [universal-lambda-machine.ghulproj]
