wrapped at 40:
In olden times when wishing still helped
one, there lived a king whose daughters
were all beautiful, but the youngest was
so beautiful that the sun itself, which
has seen so much, was astonished
whenever it shone in her face.

wrapped at 62:
In olden times when wishing still helped one, there lived a
king whose daughters were all beautiful, but the youngest was
so beautiful that the sun itself, which has seen so much, was
astonished whenever it shone in her face.

