thinned in 3 rounds:


    # ##########                       #######
     ##        #                   ####       #
     #          #                 ##
     #          #                #
     #          #                #
     #          #                #
     ############               #
     #          #               #
     #          #                #
     #          #                #
     #          #                #
     #                            ##
     #                             ############
                       ###                          ###


<<image thinned.png>>
