                     0  zero
                     1  one
                    12  twelve
                    20  twenty
                    21  twenty-one
                    99  ninety-nine
                   100  one hundred
                   101  one hundred and one
                   120  one hundred and twenty
                   123  one hundred and twenty-three
                   999  nine hundred and ninety-nine
                  1000  one thousand
                  1001  one thousand and one
                  1010  one thousand and ten
                  1100  one thousand one hundred
                 12345  twelve thousand three hundred and forty-five
                100000  one hundred thousand
               1000000  one million
               1000001  one million and one
             123456789  one hundred and twenty-three million four hundred and fifty-six thousand seven hundred and eighty-nine
                 -1234  negative one thousand two hundred and thirty-four
   9223372036854775807  nine quintillion two hundred and twenty-three quadrillion three hundred and seventy-two trillion thirty-six billion eight hundred and fifty-four million seven hundred and seventy-five thousand eight hundred and seven
