main: Humpty Dumpty sat on a wall
main: Old Mother Goose
main: Humpty Dumpty had a great fall
main: When she wanted to wander
main: All the king's horses
reserve: Would ride through the air
reserve: And all the king's men
reserve: On a very fine gander
reserve: Couldn't put Humpty
reserve: Jack's mother came in
Humpty Dumpty stopped: out of ink
Mother Goose stopped: out of ink
