n-smooth-numbers.ghul(21,37,21,55): warning impure-function-argument: argument must be a pure function [n-smooth-numbers.ghulproj]
n-smooth-numbers.ghul(61,42,61,61): warning impure-function-argument: argument must be a pure function [n-smooth-numbers.ghulproj]
n-smooth-numbers.ghul(71,44,71,63): warning impure-function-argument: argument must be a pure function [n-smooth-numbers.ghulproj]
