n-smooth-numbers.ghul(20,37,20,51): warning impure-function-argument: argument must be a pure function [n-smooth-numbers.ghulproj]
n-smooth-numbers.ghul(60,42,60,61): warning impure-function-argument: argument must be a pure function [n-smooth-numbers.ghulproj]
n-smooth-numbers.ghul(70,44,70,63): warning impure-function-argument: argument must be a pure function [n-smooth-numbers.ghulproj]
