generation 0:
  |tH.........|
  |.   .      |
  |   ...     |
  |.   .      |
  |Ht.. ......|

generation 1:
  |.tH........|
  |H   .      |
  |   ...     |
  |H   .      |
  |t... ......|

generation 2:
  |H.tH.......|
  |t   .      |
  |   ...     |
  |t   .      |
  |.H.. ......|

generation 3:
  |tH.tH......|
  |.   H      |
  |   ...     |
  |.   .      |
  |HtH. ......|

<<image wireworld.png>>
