1 bag, 1 way
  ()

2 bags, 1 way
  (())

3 bags, 2 ways
  (()())
  ((()))

4 bags, 4 ways
  (()()())
  (()(()))
  ((()()))
  (((())))

5 bags, 9 ways
  (()()()())
  (()()(()))
  (()(()()))
  (()((())))
  ((())(()))
  ((()()()))
  ((()(())))
  (((()())))
  ((((()))))

ways for 1 to 9 bags: [1, 1, 2, 4, 9, 20, 48, 115, 286]
