There are 35 four-faced dice with faces from 1 to 4.

3 ordered lists of 3 non-transitive dice:
    [[1, 1, 4, 4], [2, 2, 2, 4], [1, 3, 3, 3]]
    [[1, 3, 3, 3], [1, 1, 4, 4], [2, 2, 2, 4]]
    [[2, 2, 2, 4], [1, 3, 3, 3], [1, 1, 4, 4]]

4 ordered lists of 4 non-transitive dice:
    [[1, 1, 4, 4], [2, 2, 2, 4], [2, 2, 3, 3], [1, 3, 3, 3]]
    [[1, 3, 3, 3], [1, 1, 4, 4], [2, 2, 2, 4], [2, 2, 3, 3]]
    [[2, 2, 2, 4], [2, 2, 3, 3], [1, 3, 3, 3], [1, 1, 4, 4]]
    [[2, 2, 3, 3], [1, 3, 3, 3], [1, 1, 4, 4], [2, 2, 2, 4]]

