1. fee fie
2. huff and puff
3. mirror mirror
4. tick tock
choose: fred
that is not one of them
1. fee fie
2. huff and puff
3. mirror mirror
4. tick tock
choose: 0
that is not one of them
1. fee fie
2. huff and puff
3. mirror mirror
4. tick tock
choose: 5
that is not one of them
1. fee fie
2. huff and puff
3. mirror mirror
4. tick tock
choose: 3
you chose: mirror mirror
empty list gives: []
