  amaroid <-> diorama
  anacara <-> aracana
  annabal <-> labanna
  artamus <-> sumatra
  colbert <-> trebloc
  degener <-> reneged
  deifier <-> reified
  delbert <-> trebled
  delevan <-> naveled
  deliver <-> reviled
  dessert <-> tressed
 desserts <-> stressed
  deviler <-> relived
 dioramas <-> samaroid
  eimmart <-> trammie
  emmeram <-> maremme
  gateman <-> nametag
  latimer <-> remital
 lattimer <-> remittal
  lessees <-> seessel
  leveler <-> relevel
 nicolaus <-> sualocin
  pat-pat <-> tap-tap
 redrawer <-> rewarder
  reknits <-> stinker
  relever <-> reveler
  reliver <-> reviler
  revotes <-> setover
  rotanev <-> venator
  roygbiv <-> vibgyor
  sallets <-> stellas
  sennits <-> stinnes
