100,000 samples by the Box-Muller transform
mean -0.000942, standard deviation 0.997777

 -4.0     16
 -3.5    109
 -3.0    469 #
 -2.5   1619 ####
 -2.0   4398 ###########
 -1.5   9260 ########################
 -1.0  15079 #######################################
 -0.5  19199 ##################################################
  0.0  18984 #################################################
  0.5  15004 #######################################
  1.0   9239 ########################
  1.5   4362 ###########
  2.0   1665 ####
  2.5    467 #
  3.0    118
  3.5      7
<<image normal.png>>
