no colour  nation     drink   smoke       pet
1  yellow  Norwegian  water   Dunhill     cat
2  blue    Dane       tea     Blend       horse
3  red     English    milk    Pall Mall   bird
4  green   German     coffee  Prince      zebra
5  white   Swede      beer    Blue Master dog
the German owns the zebra
solutions found: 1
