latest: 2026-03-21  book        Programming in Lua

latest of each category:
  2026-03-21  book        Programming in Lua
  2026-02-02  film        Solaris

all, by date:
  2026-01-14  book        The Go Programming Language
  2026-02-02  film        Solaris
  2026-03-21  book        Programming in Lua
