~/{Downloads,Pictures}/*.{jpg,gif,png}
    ~/Downloads/*.jpg
    ~/Downloads/*.gif
    ~/Downloads/*.png
    ~/Pictures/*.jpg
    ~/Pictures/*.gif
    ~/Pictures/*.png

It{{em,alic}iz,erat}e{d,}, please.
    Itemized, please.
    Itemize, please.
    Italicized, please.
    Italicize, please.
    Iterated, please.
    Iterate, please.

{,{,gotta have{ ,\, again\, }}more }cowbell!
    cowbell!
    more cowbell!
    gotta have more cowbell!
    gotta have\, again\, more cowbell!

{}} some }{,{\\{ edge, edge} \,}{ cases, {here} \\\\\}
    {}} some }{,{\\ edge \,}{ cases, {here} \\\\\}
    {}} some }{,{\\ edge \,}{ cases, {here} \\\\\}

