   1: HSXFPEGZJKNVSACYDXUJFPNC MNL (1)
   2: HSXFPEGZJKTVSACYDXUJFPNC MNL (2)
   3: HSXFIEGZJKTVSACYDXUJFPNC MNL (3)
   4: HSXFIEGZJITVSACYDXUJFPNC MBL (4)
   5: HKXFIMGSJITFSACYDXUJEPNC MBL (5)
   6: HKXFIMGSJITFSACYDXUJEPNC MEL (6)
   7: HKXAIMOSJITFIACYDXUJEPNC MEL (7)
   8: HKXHIMOSJITFIACYDXUJEPNP MEL (8)
   9: HKXHIOOSJITFIACYDEEJEPNP MEL (9)
  10: HKXHIOOSJITFIA YDEEJEPNP MEL (10)
  11: MKXHIOOSJITFIA YDEEJEPNP YEL (11)
  12: MKXHIOOSJITFID LDEEJEPNP YEL (12)
  14: MKXHIOOSJITFID LDJE EQNT YEL (13)
  15: MKXHIOOSJITFIO LDJE EQNTAYEL (14)
  16: MKXHIOOSJITFIG LDJE EQNEAYEL (15)
  18: MKXHIOOSJITFIO LDJE EQNEASEL (16)
  20: MKXHIOOSJITFIO LIJE EQNEASEL (17)
  23: MEXHIOOSJITFIO LIJE EQNEASEL (18)
  28: MEXHIEOSJITFIO LIKE EQNEASEL (19)
  29: MEXHIEOSJITFIS LIKE EQNEASEL (20)
  31: MEXHIEOSJITFIS LIKE V NEASEL (21)
  32: METHIEOSJITFIS LIKE V NEASEL (22)
  33: METHIEKSJITFIS LIKE V NEASEL (23)
  34: METHIEKSJITFIS LIKE A NEASEL (24)
  44: METHIEKSJITFIS LIKE A WEASEL (25)
  45: METHIEKSJIT IS LIKE A WEASEL (26)
  48: METHIEKS IT IS LIKE A WEASEL (27)
  61: METHINKS IT IS LIKE A WEASEL (28)
