recursive, stepping up with chance 0.75
  seed 1: at step 1 after 1 attempt
  seed 2: at step 1 after 3 attempts
  seed 3: at step 1 after 1 attempt
  seed 4: at step 1 after 5 attempts

iterative, stepping up with chance 0.75
  seed 1: at step 1 after 1 attempt
  seed 2: at step 1 after 3 attempts
  seed 3: at step 1 after 1 attempt
  seed 4: at step 1 after 5 attempts

recursive, stepping up with chance 0.55
  seed 1: at step 1 after 1 attempt
  seed 2: at step 1 after 3 attempts
  seed 3: at step 1 after 1 attempt
  seed 4: at step 1 after 9 attempts

