solved in 52 moves:
rrrulddluuuldrurdddrullulurrrddldluurddlulurruldrdrd

right, right, right, up, left, down, down, left
up, up, up, left, down, right, up, right
down, down, down, right, up, left, left, up
left, up, right, right, right, down, down, left
down, left, up, up, right, down, down, left
up, left, up, right, right, up, left, down
right, down, right, down
