400 Julian computus, Julian calendar:
    Easter 01 Apr, Ascension 10 May, Pentecost 20 May, Trinity 27 May, Corpus Christi 31 May
500 Julian computus, Julian calendar:
    Easter 02 Apr, Ascension 11 May, Pentecost 21 May, Trinity 28 May, Corpus Christi 01 Jun
600 Julian computus, Julian calendar:
    Easter 10 Apr, Ascension 19 May, Pentecost 29 May, Trinity 05 Jun, Corpus Christi 09 Jun
700 Julian computus, Julian calendar:
    Easter 11 Apr, Ascension 20 May, Pentecost 30 May, Trinity 06 Jun, Corpus Christi 10 Jun
800 Julian computus, Julian calendar:
    Easter 19 Apr, Ascension 28 May, Pentecost 07 Jun, Trinity 14 Jun, Corpus Christi 18 Jun
900 Julian computus, Julian calendar:
    Easter 20 Apr, Ascension 29 May, Pentecost 08 Jun, Trinity 15 Jun, Corpus Christi 19 Jun
1000 Julian computus, Julian calendar:
    Easter 31 Mar, Ascension 09 May, Pentecost 19 May, Trinity 26 May, Corpus Christi 30 May
1100 Julian computus, Julian calendar:
    Easter 01 Apr, Ascension 10 May, Pentecost 20 May, Trinity 27 May, Corpus Christi 31 May
1200 Julian computus, Julian calendar:
    Easter 09 Apr, Ascension 18 May, Pentecost 28 May, Trinity 04 Jun, Corpus Christi 08 Jun
1300 Julian computus, Julian calendar:
    Easter 10 Apr, Ascension 19 May, Pentecost 29 May, Trinity 05 Jun, Corpus Christi 09 Jun
1400 Julian computus, Julian calendar:
    Easter 18 Apr, Ascension 27 May, Pentecost 06 Jun, Trinity 13 Jun, Corpus Christi 17 Jun
1500 Julian computus, Julian calendar:
    Easter 19 Apr, Ascension 28 May, Pentecost 07 Jun, Trinity 14 Jun, Corpus Christi 18 Jun
1600 Gregorian computus, Gregorian calendar:
    Easter 02 Apr, Ascension 11 May, Pentecost 21 May, Trinity 28 May, Corpus Christi 01 Jun
1600 Julian computus, Gregorian calendar:
    Easter 02 Apr, Ascension 11 May, Pentecost 21 May, All Saints 28 May
1700 Gregorian computus, Gregorian calendar:
    Easter 11 Apr, Ascension 20 May, Pentecost 30 May, Trinity 06 Jun, Corpus Christi 10 Jun
1700 Julian computus, Gregorian calendar:
    Easter 11 Apr, Ascension 20 May, Pentecost 30 May, All Saints 06 Jun
1800 Gregorian computus, Gregorian calendar:
    Easter 13 Apr, Ascension 22 May, Pentecost 01 Jun, Trinity 08 Jun, Corpus Christi 12 Jun
1800 Julian computus, Gregorian calendar:
    Easter 20 Apr, Ascension 29 May, Pentecost 08 Jun, All Saints 15 Jun
1900 Gregorian computus, Gregorian calendar:
    Easter 15 Apr, Ascension 24 May, Pentecost 03 Jun, Trinity 10 Jun, Corpus Christi 14 Jun
1900 Julian computus, Gregorian calendar:
    Easter 22 Apr, Ascension 31 May, Pentecost 10 Jun, All Saints 17 Jun
2000 Gregorian computus, Gregorian calendar:
    Easter 23 Apr, Ascension 01 Jun, Pentecost 11 Jun, Trinity 18 Jun, Corpus Christi 22 Jun
2000 Julian computus, Gregorian calendar:
    Easter 30 Apr, Ascension 08 Jun, Pentecost 18 Jun, All Saints 25 Jun
2100 Gregorian computus, Gregorian calendar:
    Easter 28 Mar, Ascension 06 May, Pentecost 16 May, Trinity 23 May, Corpus Christi 27 May
2100 Julian computus, Gregorian calendar:
    Easter 02 May, Ascension 10 Jun, Pentecost 20 Jun, All Saints 27 Jun
2010 Gregorian computus, Gregorian calendar:
    Easter 04 Apr, Ascension 13 May, Pentecost 23 May, Trinity 30 May, Corpus Christi 03 Jun
2010 Julian computus, Gregorian calendar:
    Easter 04 Apr, Ascension 13 May, Pentecost 23 May, All Saints 30 May
2011 Gregorian computus, Gregorian calendar:
    Easter 24 Apr, Ascension 02 Jun, Pentecost 12 Jun, Trinity 19 Jun, Corpus Christi 23 Jun
2011 Julian computus, Gregorian calendar:
    Easter 24 Apr, Ascension 02 Jun, Pentecost 12 Jun, All Saints 19 Jun
2012 Gregorian computus, Gregorian calendar:
    Easter 08 Apr, Ascension 17 May, Pentecost 27 May, Trinity 03 Jun, Corpus Christi 07 Jun
2012 Julian computus, Gregorian calendar:
    Easter 15 Apr, Ascension 24 May, Pentecost 03 Jun, All Saints 10 Jun
2013 Gregorian computus, Gregorian calendar:
    Easter 31 Mar, Ascension 09 May, Pentecost 19 May, Trinity 26 May, Corpus Christi 30 May
2013 Julian computus, Gregorian calendar:
    Easter 05 May, Ascension 13 Jun, Pentecost 23 Jun, All Saints 30 Jun
2014 Gregorian computus, Gregorian calendar:
    Easter 20 Apr, Ascension 29 May, Pentecost 08 Jun, Trinity 15 Jun, Corpus Christi 19 Jun
2014 Julian computus, Gregorian calendar:
    Easter 20 Apr, Ascension 29 May, Pentecost 08 Jun, All Saints 15 Jun
2015 Gregorian computus, Gregorian calendar:
    Easter 05 Apr, Ascension 14 May, Pentecost 24 May, Trinity 31 May, Corpus Christi 04 Jun
2015 Julian computus, Gregorian calendar:
    Easter 12 Apr, Ascension 21 May, Pentecost 31 May, All Saints 07 Jun
2016 Gregorian computus, Gregorian calendar:
    Easter 27 Mar, Ascension 05 May, Pentecost 15 May, Trinity 22 May, Corpus Christi 26 May
2016 Julian computus, Gregorian calendar:
    Easter 01 May, Ascension 09 Jun, Pentecost 19 Jun, All Saints 26 Jun
2017 Gregorian computus, Gregorian calendar:
    Easter 16 Apr, Ascension 25 May, Pentecost 04 Jun, Trinity 11 Jun, Corpus Christi 15 Jun
2017 Julian computus, Gregorian calendar:
    Easter 16 Apr, Ascension 25 May, Pentecost 04 Jun, All Saints 11 Jun
2018 Gregorian computus, Gregorian calendar:
    Easter 01 Apr, Ascension 10 May, Pentecost 20 May, Trinity 27 May, Corpus Christi 31 May
2018 Julian computus, Gregorian calendar:
    Easter 08 Apr, Ascension 17 May, Pentecost 27 May, All Saints 03 Jun
2019 Gregorian computus, Gregorian calendar:
    Easter 21 Apr, Ascension 30 May, Pentecost 09 Jun, Trinity 16 Jun, Corpus Christi 20 Jun
2019 Julian computus, Gregorian calendar:
    Easter 28 Apr, Ascension 06 Jun, Pentecost 16 Jun, All Saints 23 Jun
2020 Gregorian computus, Gregorian calendar:
    Easter 12 Apr, Ascension 21 May, Pentecost 31 May, Trinity 07 Jun, Corpus Christi 11 Jun
2020 Julian computus, Gregorian calendar:
    Easter 19 Apr, Ascension 28 May, Pentecost 07 Jun, All Saints 14 Jun
