9 cards dealt:
  two solid green squiggles
  one open red squiggle
  two solid red diamonds
  two open purple ovals
  three striped purple ovals
  two open green diamonds
  one solid green squiggle
  two solid purple ovals
  two striped purple squiggles

sets found: 1
  two solid green squiggles
  two solid red diamonds
  two solid purple ovals

12 cards dealt:
  one open purple oval
  two solid green diamonds
  two open red diamonds
  three open purple diamonds
  one striped green oval
  one solid green squiggle
  two open red squiggles
  one striped red oval
  one solid red squiggle
  three open green ovals
  three striped red diamonds
  one striped green squiggle

sets found: 1
  two solid green diamonds
  three open green ovals
  one striped green squiggle

