Primordial primes
  0.6857  Sequence of primorial primes
  0.6667  Factorial primes
  0.5714  Primorial numbers
  0.5455  Prime words
  0.5217  Almost prime

Sunkist-Giuliani formula
  0.5652  Almkvist-Giullera formula for pi
  0.3784  Faulhaber's formula
  0.3429  Haversine formula
  0.3333  Check Machin-like formulas
  0.3077  Resistance calculator

Sieve of Euripides
  0.4615  Four sides of square
  0.4615  Sieve of Pritchard
  0.4138  Sieve of Eratosthenes
  0.4000  Piprimes
  0.3846  Sierpinski curve

Chowder numbers
  0.7826  Chowla numbers
  0.6400  Powerful numbers
  0.6087  Fermat numbers
  0.6087  Rhonda numbers
  0.6000  Lah numbers

