I choose HHT. Your sequence?
> HHT
that one is taken
> THT
tosses: HHT
I win
you 0, me 1

You choose first. Your sequence?
> HTH
I choose HHT
tosses: HHHHHHT
I win
you 0, me 2

You choose first. Your sequence?
> TTH
I choose HTT
tosses: HTT
I win
you 0, me 3

You choose first. Your sequence?
> HHH
I choose THH
tosses: HTTTTTHTTTHH
I win
you 0, me 4

You choose first. Your sequence?
> THH
I choose TTH
tosses: HHHHTHH
you win
you 1, me 4

You choose first. Your sequence?
