100 points, 88 of them different


                            o o

              o     o   o       o     o o       o
          o o       o           o   o     o   o
              o               o         o         o
          o o o
        o         o                       o   o     o
        o                                       o     o
                                              o     o
            o
  o     o                                         o   o
          o                                         o
    o
  o o o                                           o   o
o o       o
      o
    o o o                                           o
        o o                                         o   o
                                                        o
  o o                                               o
        o o

            o     o                             o
        o o     o o
                  o o o               o
          o       o   o     o     o       o       o
                                o
                    o         o o
                            o o

<<image ring.png>>
