naming-conventions.ghul(38,7,38,12): warning non-upper-snake-case-name: non-UPPER_SNAKE_CASE class 'Point' [naming-conventions.ghulproj]
naming-conventions.ghul(39,7,39,15): warning non-pascal-case-name: non-PascalCase trait 'drawable' [naming-conventions.ghulproj]
naming-conventions.ghul(40,1,40,11): warning non-snake-case-name: non-snake_case name 'CountItems' [naming-conventions.ghulproj]
