escape the robots (+) by making them crash into each other
move with y k u / h w l / b j n, w to wait, t to teleport

+------------------------------+
|                              |
|                        +     |
|                              |
|                              |
|                              |
| +      +   @              +  |
|                   +          |
|  +     +                     |
|                              |
|                              |
|                              |
|                            + |
+------------------------------+
8 robots left
> j

+------------------------------+
|                              |
|                              |
|                       +      |
|                              |
|                              |
|                              |
|  ++     *  @     +       +   |
|                              |
|                              |
|                              |
|                           +  |
|                              |
+------------------------------+
6 robots left
> w

+------------------------------+
|                              |
|                              |
|                              |
|                      +       |
|                              |
|                              |
|   ++    *  @    +       +    |
|                              |
|                              |
|                          +   |
|                              |
|                              |
+------------------------------+
6 robots left
> w

+------------------------------+
|                              |
|                              |
|                              |
|                              |
|                     +        |
|                              |
|    ++   *  @   +       +     |
|                              |
|                         +    |
|                              |
|                              |
|                              |
+------------------------------+
6 robots left
> w

+------------------------------+
|                              |
|                              |
|                              |
|                              |
|                              |
|                    +         |
|     ++  *  @  +       +      |
|                        +     |
|                              |
|                              |
|                              |
|                              |
+------------------------------+
6 robots left
> y

+------------------------------+
|                              |
|                              |
|                              |
|                              |
|                              |
|      ++   @  +    +  +       |
|         *             +      |
|                              |
|                              |
|                              |
|                              |
|                              |
+------------------------------+
6 robots left
> w

+------------------------------+
|                              |
|                              |
|                              |
|                              |
|                              |
|       ++  @ +    +  ++       |
|         *                    |
|                              |
|                              |
|                              |
|                              |
|                              |
+------------------------------+
6 robots left
> b

+------------------------------+
|                              |
|                              |
|                              |
|                              |
|                              |
|                              |
|        +*@ +    +  ++        |
|                              |
|                              |
|                              |
|                              |
|                              |
+------------------------------+
5 robots left
> w

+------------------------------+
|                              |
|                              |
|                              |
|                              |
|                              |
|                              |
|         *@+    +  ++         |
|                              |
|                              |
|                              |
|                              |
|                              |
+------------------------------+
4 robots left
> y

+------------------------------+
|                              |
|                              |
|                              |
|                              |
|                              |
|         @+    +  ++          |
|         *                    |
|                              |
|                              |
|                              |
|                              |
|                              |
+------------------------------+
4 robots left
> b

+------------------------------+
|                              |
|                              |
|                              |
|                              |
|                              |
|                              |
|        @*    +  ++           |
|                              |
|                              |
|                              |
|                              |
|                              |
+------------------------------+
3 robots left
> w

+------------------------------+
|                              |
|                              |
|                              |
|                              |
|                              |
|                              |
|        @*   +  ++            |
|                              |
|                              |
|                              |
|                              |
|                              |
+------------------------------+
3 robots left
> w

+------------------------------+
|                              |
|                              |
|                              |
|                              |
|                              |
|                              |
|        @*  +  ++             |
|                              |
|                              |
|                              |
|                              |
|                              |
+------------------------------+
3 robots left
> w

+------------------------------+
|                              |
|                              |
|                              |
|                              |
|                              |
|                              |
|        @* +  ++              |
|                              |
|                              |
|                              |
|                              |
|                              |
+------------------------------+
3 robots left
> y

+------------------------------+
|                              |
|                              |
|                              |
|                              |
|                              |
|       @  +  ++               |
|         *                    |
|                              |
|                              |
|                              |
|                              |
|                              |
+------------------------------+
3 robots left
> b

+------------------------------+
|                              |
|                              |
|                              |
|                              |
|                              |
|                              |
|      @  *  ++                |
|                              |
|                              |
|                              |
|                              |
|                              |
+------------------------------+
2 robots left
> w

+------------------------------+
|                              |
|                              |
|                              |
|                              |
|                              |
|                              |
|      @  * ++                 |
|                              |
|                              |
|                              |
|                              |
|                              |
+------------------------------+
2 robots left
> w

+------------------------------+
|                              |
|                              |
|                              |
|                              |
|                              |
|                              |
|      @  *++                  |
|                              |
|                              |
|                              |
|                              |
|                              |
+------------------------------+
2 robots left
> w

+------------------------------+
|                              |
|                              |
|                              |
|                              |
|                              |
|                              |
|      @  *+                   |
|                              |
|                              |
|                              |
|                              |
|                              |
+------------------------------+
1 robots left
> w

+------------------------------+
|                              |
|                              |
|                              |
|                              |
|                              |
|                              |
|      @  *                    |
|                              |
|                              |
|                              |
|                              |
|                              |
+------------------------------+
every robot is junk - you escaped
