<<image honeycomb.png>>
letter:
  chose X
<<image honeycomb.png>>
letter:
  Z is not in the honeycomb
letter:
  X was already chosen
letter:
  chose U
<<image honeycomb.png>>
letter:
  chose N
<<image honeycomb.png>>
letter:
  chose P
<<image honeycomb.png>>
letter:
  chose I
<<image honeycomb.png>>
letter:
  chose W
<<image honeycomb.png>>
letter:
  chose J
<<image honeycomb.png>>
letter:
  chose A
<<image honeycomb.png>>
letter:
  chose Q
<<image honeycomb.png>>
letter:
  chose S
<<image honeycomb.png>>
letter:
  chose O
<<image honeycomb.png>>
letter:
  chose E
<<image honeycomb.png>>
letter:
  chose K
<<image honeycomb.png>>
letter:
  chose C
<<image honeycomb.png>>
letter:
  chose M
<<image honeycomb.png>>
letter:
  chose Y
<<image honeycomb.png>>
letter:
  chose D
<<image honeycomb.png>>
letter:
  chose F
<<image honeycomb.png>>
letter:
  chose H
<<image honeycomb.png>>
letter:
  chose G
<<image honeycomb.png>>
chosen: XUNPIWJAQSOEKCMYDFHG
