iccanobif-primes.ghul(68,12,68,20): warning impure-function-argument: argument must be a pure function [test.ghulproj]
iccanobif-primes.ghul(74,41,74,52): warning impure-function-argument: argument must be a pure function [test.ghulproj]
iccanobif-primes.ghul(77,41,77,63): warning impure-function-argument: argument must be a pure function [test.ghulproj]
