      size       mean     stddev
       100   0.526172   0.287763
      1000   0.509913   0.290949
     10000   0.500572   0.290835
    100000   0.500771   0.288210
   1000000   0.499714   0.288612

1/sqrt(12) = 0.288675

histogram of the 1000 sample:
  0.0 - 0.1  105 ###########################################
  0.1 - 0.2   79 ################################
  0.2 - 0.3   93 ######################################
  0.3 - 0.4  120 ##################################################
  0.4 - 0.5   95 #######################################
  0.5 - 0.6   82 ##################################
  0.6 - 0.7  110 #############################################
  0.7 - 0.8  106 ############################################
  0.8 - 0.9  100 #########################################
  0.9 - 1.0  110 #############################################
<<image histograms.png>>
