formal-power-series.ghul(63,20,63,48): warning impure-function-argument: argument must be a pure function [test.ghulproj]
formal-power-series.ghul(71,24,71,61): warning impure-function-argument: argument must be a pure function [test.ghulproj]
formal-power-series.ghul(85,39,85,61): warning impure-function-argument: argument must be a pure function [test.ghulproj]
