    1   2   3   4   5   6   7   8   9   10  11  12  13  14  15  16  17  18
1   H                                                                   He
2   Li  Be                                          B   C   N   O   F   Ne
3   Na  Mg                                          Al  Si  P   S   Cl  Ar
4   K   Ca  Sc  Ti  V   Cr  Mn  Fe  Co  Ni  Cu  Zn  Ga  Ge  As  Se  Br  Kr
5   Rb  Sr  Y   Zr  Nb  Mo  Tc  Ru  Rh  Pd  Ag  Cd  In  Sn  Sb  Te  I   Xe
6   Cs  Ba  *   Hf  Ta  W   Re  Os  Ir  Pt  Au  Hg  Tl  Pb  Bi  Po  At  Rn
7   Fr  Ra  #   Rf  Db  Sg  Bh  Hs  Mt  Ds  Rg  Cn  Nh  Fl  Mc  Lv  Ts  Og

8*              La  Ce  Pr  Nd  Pm  Sm  Eu  Gd  Tb  Dy  Ho  Er  Tm  Yb  Lu
9#              Ac  Th  Pa  U   Np  Pu  Am  Cm  Bk  Cf  Es  Fm  Md  No  Lr

  1 H   row 1, column 1
  2 He  row 1, column 18
 29 Cu  row 4, column 11
 42 Mo  row 5, column 6
 57 La  row 8, column 4
 58 Ce  row 8, column 5
 72 Hf  row 6, column 4
 89 Ac  row 9, column 4
118 Og  row 7, column 18
