alphabet:  J_IS_I
prepared:  HI DE TH EG OL DI NT HE TR EX ES TU MP
encrypted: BM OD ZB XD NA BE KU DM UI XM MO UV IF
decrypted: HI DE TH EG OL DI NT HE TR EX ES TU MP

alphabet:  NO_Q
prepared:  HI DE TH EG OL DI NT HE TR EX ES TU MP
encrypted: BM ND ZB XD KY BE JV DM UI XM MN UV IF
decrypted: HI DE TH EG OL DI NT HE TR EX ES TU MP

