  n   l                h  i
 20    3                 20  0
 21    9                140  4
 22    3                 22  0
 23    9                110  1
 24    3                 24  0
 25   11             52,214  3
 26    6                 36  3
 27    6                140  1
 28    6                 36  3
 29    9                156  1
 30    6                 36  3
 31    6                172  1
 32    6                 36  3
 33    8              2,598  2
 34    6                 36  3
 35    8              2,978  2
 36    3                 36  0
 37   17  24,906,114,455,136  8
 38    3                 38  0
 39   14            233,046  3
