input                                 snake case                            camel case
"snakeCase"                           "snake_case"                          "snakeCase"
"snake_case"                          "snake_case"                          "snakeCase"
"variable_10_case"                    "variable_10_case"                    "variable10Case"
"variable10Case"                      "variable10_case"                     "variable10Case"
"ɛrgo rE tHis"                        "ɛrgo_r_e_t_his"                      "ɛrgoRETHis"
"hurry-up-joe!"                       "hurry_up_joe!"                       "hurryUpJoe!"
"c://my-docs/happy_ghūl-Day/12.doc"   "c://my_docs/happy_ghūl_day/12.doc"   "c://myDocs/happyGhūlDay/12.doc"
"  spaces  "                          "spaces"                              "spaces"
