gaussian primes with norm < 100 (100 total):
-9-4i, -9+4i, -8-5i, -8-3i, -8+3i, -8+5i, -7-2i, -7+0i, -7+2i, -6-5i, -6-1i, -6+1i, -6+5i, -5-8i, -5-6i, -5-4i, -5-2i, -5+2i, -5+4i, -5+6i, -5+8i, -4-9i, -4-5i, -4-1i, -4+1i, -4+5i, -4+9i, -3-8i, -3-2i, -3+0i, -3+2i, -3+8i, -2-7i, -2-5i, -2-3i, -2-1i, -2+1i, -2+3i, -2+5i, -2+7i, -1-6i, -1-4i, -1-2i, -1-1i, -1+1i, -1+2i, -1+4i, -1+6i, 0-7i, 0-3i, 0+3i, 0+7i, 1-6i, 1-4i, 1-2i, 1-1i, 1+1i, 1+2i, 1+4i, 1+6i, 2-7i, 2-5i, 2-3i, 2-1i, 2+1i, 2+3i, 2+5i, 2+7i, 3-8i, 3-2i, 3+0i, 3+2i, 3+8i, 4-9i, 4-5i, 4-1i, 4+1i, 4+5i, 4+9i, 5-8i, 5-6i, 5-4i, 5-2i, 5+2i, 5+4i, 5+6i, 5+8i, 6-5i, 6-1i, 6+1i, 6+5i, 7-2i, 7+0i, 7+2i, 8-5i, 8-3i, 8+3i, 8+5i, 9-4i, 9+4i

plot, radius 50 (rows run from imaginary part +50 down to -50):
       *   *       *   *       * *     *   *             *   *     * *       *   *       *   *       
    * *   *   * *   *         *   *         * *       * *         *   *         *   * *   *   * *    
   *   *     * *           *     *   *                         *   *     *           * *     *   *   
  *                 *       * *         * *     * * *     * *         * *       *                 *  
 *       * *         *   *   * *   *   *     *         *     *   *   * *   *   *         * *       * 
            *   * *               * *     *     *   *     *     * *               * *   *            
 *       * *       * *       * *   *     *                 *     *   * *       * *       * *       * 
* *     * *         * *     *         * * *       *       * * *         *     * *         * *     * *
       *                 * *     *   *       *         *       *   *     * *                 *       
    * *         *       *     *     *         *       *         *     *     *       *         * *    
 *     *   * *   *   *     *     *     *       * * * *       *     *     *     *   *   * *   *     * 
*   * *   *     *                 *     *                   *     *                 *     *   * *   *
     *                   * *     * * *     *   *     *   *     * * *     * *                   *     
  *       *       * * *         *         *     *   *     *         *         * * *       *       *  
 *             *     *         *             *   * *   *             *         *     *             * 
  *           * *       * * *   * *       *     *   *     *       * *   * * *       * *           *  
 *   *   * *   *     *       *     *   * *   *         *   * *   *     *       *     *   * *   *   * 
          *       *   *       *           *     *   *     *           *       *   *       *          
     *       *   *     *   *       * *       * *     * *       * *       *   *     *   *       *     
*     *             *   *     *   *     *   * *   *   * *   *     *   *     *   *             *     *
 * *   *     *     * *     *         * *                     * *         *     * *     *     *   * * 
    * *   *   * *   *             *     *   * *       * *   *     *             *   * *   *   * *    
       *     *   *       *         * *       *         *       * *         *       *   *     *       
*                 *         * *         *       *   *       *         * *         *                 *
         *     *   *     *   *         * *   *   * *   *   * *         *   *     *   *     *         
    *   *   *         * * * *     * * *     * *       * *     * * *     * * * *         *   *   *    
               *         *     *             *   * *   *             *     *         *               
  *     * * *     * *       * * *     *   *       *       *   *     * * *       * *     * * *     *  
   *   *       *       * * *     * * *       *         *       * * *     * * *       *       *   *   
    * *         *       *               *     *       *     *               *       *         * *    
 * *     *       * *   *   *   *     * *   *   * * * *   *   * *     *   *   *   * *       *     * * 
*   * *       *           *   *   * *   *   *     *     *   *   * *   *   *           *       * *   *
             * *           *     *         * *         * *         *     *           * *             
* *     * * *               *   *     * * *     *   *     * * *     *   *               * * *     * *
 *   *     *   *   * *   *     *         *   *   * *   *   *         *     *   * *   *   *     *   * 
    * *     *   * *   *     *       *         * *   * *         *       *     *   * *   *     * *    
     *   *               *     *   *   * *       * *       * *   *   *     *               *   *     
  *     *   *     * * *     * *       * * *     *   *     * * *       * *     * * *     *   *     *  
       *                 * *     *   *     *             *     *   *     * *                 *       
*   *     *     *   *   *     *     *       * *   *   * *       *     *     *   *   *     *     *   *
   *   *   *       * * *     * * *   *   * *   * * * *   * *   *   * * *     * * *       *   *   *   
      *         *       *         * *   *     *       *     *   * *         *       *         *      
   * * *     * * *         *     *   *     * * *     * * *     *   *     *         * * *     * * *   
*           *                 * *     * * *     * * *     * * *     * *                 *           *
 *                 * *   *     *       *     *   * *   *     *       *     *   * *                 * 
    *   *     * * *   * * * *   * *       * * * *   * * * *       * *   * * * *   * * *     *   *    
 *       *         * *   *   *     *   * *   *   * *   *   * *   *     *   *   * *         *       * 
          * *     *           *         * *     * * *     * *         *           *     * *          
   * *       * * *     *         * * *     * * * * * * * *     * * *         *     * * *       * *   
          *   *         * *   *   * *   *   * * ** ** * *   *   * *   *   * *         *   *          
   *   *           *       *   *       *   *   *     *   *   *       *   *       *           *   *   
          *   *         * *   *   * *   *   * * ** ** * *   *   * *   *   * *         *   *          
   * *       * * *     *         * * *     * * * * * * * *     * * *         *     * * *       * *   
          * *     *           *         * *     * * *     * *         *           *     * *          
 *       *         * *   *   *     *   * *   *   * *   *   * *   *     *   *   * *         *       * 
    *   *     * * *   * * * *   * *       * * * *   * * * *       * *   * * * *   * * *     *   *    
 *                 * *   *     *       *     *   * *   *     *       *     *   * *                 * 
*           *                 * *     * * *     * * *     * * *     * *                 *           *
   * * *     * * *         *     *   *     * * *     * * *     *   *     *         * * *     * * *   
      *         *       *         * *   *     *       *     *   * *         *       *         *      
   *   *   *       * * *     * * *   *   * *   * * * *   * *   *   * * *     * * *       *   *   *   
*   *     *     *   *   *     *     *       * *   *   * *       *     *     *   *   *     *     *   *
       *                 * *     *   *     *             *     *   *     * *                 *       
  *     *   *     * * *     * *       * * *     *   *     * * *       * *     * * *     *   *     *  
     *   *               *     *   *   * *       * *       * *   *   *     *               *   *     
    * *     *   * *   *     *       *         * *   * *         *       *     *   * *   *     * *    
 *   *     *   *   * *   *     *         *   *   * *   *   *         *     *   * *   *   *     *   * 
* *     * * *               *   *     * * *     *   *     * * *     *   *               * * *     * *
             * *           *     *         * *         * *         *     *           * *             
*   * *       *           *   *   * *   *   *     *     *   *   * *   *   *           *       * *   *
 * *     *       * *   *   *   *     * *   *   * * * *   *   * *     *   *   *   * *       *     * * 
    * *         *       *               *     *       *     *               *       *         * *    
   *   *       *       * * *     * * *       *         *       * * *     * * *       *       *   *   
  *     * * *     * *       * * *     *   *       *       *   *     * * *       * *     * * *     *  
               *         *     *             *   * *   *             *     *         *               
    *   *   *         * * * *     * * *     * *       * *     * * *     * * * *         *   *   *    
         *     *   *     *   *         * *   *   * *   *   * *         *   *     *   *     *         
*                 *         * *         *       *   *       *         * *         *                 *
       *     *   *       *         * *       *         *       * *         *       *   *     *       
    * *   *   * *   *             *     *   * *       * *   *     *             *   * *   *   * *    
 * *   *     *     * *     *         * *                     * *         *     * *     *     *   * * 
*     *             *   *     *   *     *   * *   *   * *   *     *   *     *   *             *     *
     *       *   *     *   *       * *       * *     * *       * *       *   *     *   *       *     
          *       *   *       *           *     *   *     *           *       *   *       *          
 *   *   * *   *     *       *     *   * *   *         *   * *   *     *       *     *   * *   *   * 
  *           * *       * * *   * *       *     *   *     *       * *   * * *       * *           *  
 *             *     *         *             *   * *   *             *         *     *             * 
  *       *       * * *         *         *     *   *     *         *         * * *       *       *  
     *                   * *     * * *     *   *     *   *     * * *     * *                   *     
*   * *   *     *                 *     *                   *     *                 *     *   * *   *
 *     *   * *   *   *     *     *     *       * * * *       *     *     *     *   *   * *   *     * 
    * *         *       *     *     *         *       *         *     *     *       *         * *    
       *                 * *     *   *       *         *       *   *     * *                 *       
* *     * *         * *     *         * * *       *       * * *         *     * *         * *     * *
 *       * *       * *       * *   *     *                 *     *   * *       * *       * *       * 
            *   * *               * *     *     *   *     *     * *               * *   *            
 *       * *         *   *   * *   *   *     *         *     *   *   * *   *   *         * *       * 
  *                 *       * *         * *     * * *     * *         * *       *                 *  
   *   *     * *           *     *   *                         *   *     *           * *     *   *   
    * *   *   * *   *         *   *         * *       * *         *   *         *   * *   *   * *    
       *   *       *   *       * *     *   *             *   *     * *       *   *       *   *       
