squeeze character: ' '
original: length = 0, string = <<<>>>
squeezed: length = 0, string = <<<>>>

squeeze character: '-'
original: length = 72, string = <<<"If I were two-faced, would I be wearing this one?" --- Abraham Lincoln >>>
squeezed: length = 70, string = <<<"If I were two-faced, would I be wearing this one?" - Abraham Lincoln >>>

squeeze character: '7'
original: length = 72, string = <<<..1111111111111111111111111111111111111111111111111111111111111117777888>>>
squeezed: length = 69, string = <<<..1111111111111111111111111111111111111111111111111111111111111117888>>>

squeeze character: '.'
original: length = 72, string = <<<I never give 'em hell, I just tell the truth, and they think it's hell. >>>
squeezed: length = 72, string = <<<I never give 'em hell, I just tell the truth, and they think it's hell. >>>

squeeze character: ' '
original: length = 72, string = <<<                                                   ---  Harry S Truman  >>>
squeezed: length = 20, string = <<< --- Harry S Truman >>>

squeeze character: '-'
original: length = 72, string = <<<                                                   ---  Harry S Truman  >>>
squeezed: length = 70, string = <<<                                                   -  Harry S Truman  >>>

squeeze character: 'r'
original: length = 72, string = <<<                                                   ---  Harry S Truman  >>>
squeezed: length = 71, string = <<<                                                   ---  Hary S Truman  >>>

