Rank:   1 (1,779 entries) Phix
Rank:   1 (1,779 entries) Wren
Rank:   3 (1,777 entries) Julia
Rank:   4 (1,774 entries) FreeBASIC
Rank:   5 (1,712 entries) Raku
Rank:   6 (1,696 entries) Python
Rank:   7 (1,656 entries) Java
Rank:   8 (1,632 entries) Perl
Rank:   9 (1,629 entries) Nim
Rank:  10 (1,624 entries) Go
Rank:  11 (1,486 entries) C++
Rank:  12 (1,417 entries) J
Rank:  13 (1,373 entries) C
Rank:  14 (1,335 entries) Mathematica
Rank:  15 (1,256 entries) Ruby
Rank:  16 (1,236 entries) Rust
Rank:  17 (1,221 entries) Haskell
Rank:  18 (1,206 entries) REXX
Rank:  19 (1,205 entries) Jq
Rank:  20 (1,187 entries) Kotlin
Rank:  21 (1,152 entries) ALGOL 68
Rank:  22 (1,138 entries) EasyLang
Rank:  23 (1,110 entries) Racket
Rank:  24 (1,109 entries) JavaScript
Rank:  25 (1,095 entries) Ada
... and 977 more
Ghul is at position 29, with 1,026
