sequences: ACACACTA and AGCACACA
highest score: 10
aligned: ACACA
         ACACA
path: (1,4) (2,5) (3,6) (4,7) (5,8)

         A  G  C  A  C  A  C  A
      0  0  0  0  0  0  0  0  0
  A   0  2  0  0  2  0  2  0  2
  C   0  0  1  2  0  4  2  4  2
  A   0  2  0  0  4  2  6  4  6
  C   0  0  1  2  2  6  4  8  6
  A   0  2  0  0  4  4  8  6 10
  C   0  0  1  2  2  6  6 10  8
  T   0  0  0  0  1  4  5  8  9
  A   0  2  0  0  2  2  6  6 10
