[30mblack[0m [31mred[0m [32mgreen[0m [33myellow[0m [34mblue[0m [35mmagenta[0m [36mcyan[0m [37mwhite[0m
[1;30mblack[0m [1;31mred[0m [1;32mgreen[0m [1;33myellow[0m [1;34mblue[0m [1;35mmagenta[0m [1;36mcyan[0m [1;37mwhite[0m
[40m  [0m[41m  [0m[42m  [0m[43m  [0m[44m  [0m[45m  [0m[46m  [0m[47m  [0m
[5;31mblinking[0m
