4,005 is 10.0.5 in base 20:
  ╔════╦════╦════╗
  ║    ║    ║    ║
  ║    ║    ║    ║
  ║────║    ║    ║
  ║────║ Θ  ║────║
  ╚════╩════╩════╝

8,017 is 1.0.0.17 in base 20:
  ╔════╦════╦════╦════╗
  ║    ║    ║    ║ ∙∙ ║
  ║    ║    ║    ║────║
  ║    ║    ║    ║────║
  ║ ∙  ║ Θ  ║ Θ  ║────║
  ╚════╩════╩════╩════╝

326,205 is 2.0.15.10.5 in base 20:
  ╔════╦════╦════╦════╦════╗
  ║    ║    ║    ║    ║    ║
  ║    ║    ║────║    ║    ║
  ║    ║    ║────║────║    ║
  ║ ∙∙ ║ Θ  ║────║────║────║
  ╚════╩════╩════╩════╩════╝

886,205 is 5.10.15.10.5 in base 20:
  ╔════╦════╦════╦════╦════╗
  ║    ║    ║    ║    ║    ║
  ║    ║    ║────║    ║    ║
  ║    ║────║────║────║    ║
  ║────║────║────║────║────║
  ╚════╩════╩════╩════╩════╝

3,199,999 is 19.19.19.19.19 in base 20:
  ╔════╦════╦════╦════╦════╗
  ║∙∙∙∙║∙∙∙∙║∙∙∙∙║∙∙∙∙║∙∙∙∙║
  ║────║────║────║────║────║
  ║────║────║────║────║────║
  ║────║────║────║────║────║
  ╚════╩════╩════╩════╩════╝

3,199,999 is the largest number five glyphs can write,
every place full at nineteen
