press enter to roll
you roll 2, moving to 3
the computer rolls 5, moving to 6
press enter to roll
you roll 6, moving to 9
  a ladder up to 31
the computer rolls 2, moving to 8
press enter to roll
you roll 4, moving to 35
the computer rolls 2, moving to 10
press enter to roll
you roll 2, moving to 37
the computer rolls 6, moving to 16
press enter to roll
you roll 3, moving to 40
  a ladder up to 59
the computer rolls 3, moving to 19
press enter to roll
you roll 4, moving to 63
  a ladder up to 81
the computer rolls 5, moving to 24
press enter to roll
you roll 5, moving to 86
the computer rolls 1, moving to 25
press enter to roll
you roll 1, moving to 87
  a snake down to 24
the computer rolls 6, moving to 31
press enter to roll
you roll 1, moving to 25
the computer rolls 6, moving to 37
press enter to roll
you roll 5, moving to 30
the computer rolls 3, moving to 40
  a ladder up to 59
press enter to roll
you roll 2, moving to 32
the computer rolls 4, moving to 63
  a ladder up to 81
press enter to roll
you roll 3, moving to 35
the computer rolls 1, moving to 82
press enter to roll
you roll 6, moving to 41
the computer rolls 3, moving to 85
press enter to roll
you roll 4, moving to 45
the computer rolls 4, moving to 89
press enter to roll
you roll 3, moving to 48
the computer rolls 3, moving to 92
press enter to roll
you roll 2, moving to 50
the computer rolls 2, moving to 94
press enter to roll
you roll 4, moving to 54
  a snake down to 34
the computer rolls 1, moving to 95
  a snake down to 75
press enter to roll
you roll 5, moving to 39
the computer rolls 6, moving to 81
press enter to roll
you roll 4, moving to 43
the computer rolls 3, moving to 84
press enter to roll
you roll 6, moving to 49
the computer rolls 4, moving to 88
press enter to roll
you roll 5, moving to 54
  a snake down to 34
the computer rolls 4, moving to 92
press enter to roll
you roll 6, moving to 40
  a ladder up to 59
the computer rolls 4, moving to 96
press enter to roll
you roll 3, moving to 62
  a snake down to 19
the computer rolls 3, moving to 99
  a snake down to 78
press enter to roll
you roll 3, moving to 22
the computer rolls 4, moving to 82
press enter to roll
you roll 3, moving to 25
the computer rolls 4, moving to 86
press enter to roll
you roll 5, moving to 30
the computer rolls 1, moving to 87
  a snake down to 24
press enter to roll
you roll 5, moving to 35
the computer rolls 1, moving to 25
press enter to roll
you roll 5, moving to 40
  a ladder up to 59
the computer rolls 5, moving to 30
press enter to roll
you roll 2, moving to 61
the computer rolls 5, moving to 35
press enter to roll
you roll 2, moving to 63
  a ladder up to 81
the computer rolls 1, moving to 36
press enter to roll
you roll 5, moving to 86
the computer rolls 5, moving to 41
press enter to roll
you roll 4, moving to 90
the computer rolls 6, moving to 47
press enter to roll
you roll 1, moving to 91
the computer rolls 2, moving to 49
press enter to roll
you roll 2, moving to 93
  a snake down to 73
the computer rolls 4, moving to 53
press enter to roll
you roll 3, moving to 76
the computer rolls 2, moving to 55
press enter to roll
you roll 3, moving to 79
the computer rolls 5, moving to 60
press enter to roll
you roll 6, moving to 85
the computer rolls 1, moving to 61
press enter to roll
you roll 5, moving to 90
the computer rolls 4, moving to 65
press enter to roll
you roll 5, moving to 95
  a snake down to 75
the computer rolls 6, moving to 71
  a ladder up to 91
press enter to roll
you roll 4, moving to 79
the computer rolls 4, moving to 95
  a snake down to 75
press enter to roll
you roll 1, moving to 80
the computer rolls 1, moving to 76
press enter to roll
you roll 1, moving to 81
the computer rolls 5, moving to 81
press enter to roll
you roll 5, moving to 86
the computer rolls 2, moving to 83
press enter to roll
you roll 3, moving to 89
the computer rolls 3, moving to 86
press enter to roll
you roll 2, moving to 91
the computer rolls 6, moving to 92
press enter to roll
you roll 5, moving to 96
the computer rolls 5, moving to 97
press enter to roll
you roll 2, moving to 98
the computer rolls 5 and cannot move from 97
press enter to roll
you roll 6 and cannot move from 98
the computer rolls 1, moving to 98
press enter to roll
you roll 6 and cannot move from 98
the computer rolls 6 and cannot move from 98
press enter to roll
you roll 4 and cannot move from 98
the computer rolls 2, moving to 100
the computer wins
