steer with w, a, s and d; each letter moves one square
............
............
............
............
...oo@......
............
............
........*...
length 3
> dddsss
.....*......
............
............
............
........o...
........o...
........o...
........@...
length 4
> saaa
.....@ooo...
............
............
............
............
............
............
...*....o...
length 5
> waa
.....ooo....
............
............
............
............
............
.........*..
...@oo......
length 6
> sdw
...o@o......
............
............
............
............
............
.........*..
...ooo......
length 6
the snake bit itself: game over at length 6
