00:30  1 bell   Middle watch     ding
01:00  2 bells  Middle watch     ding-dong
01:30  3 bells  Middle watch     ding-dong ding
02:00  4 bells  Middle watch     ding-dong ding-dong
02:30  5 bells  Middle watch     ding-dong ding-dong ding
03:00  6 bells  Middle watch     ding-dong ding-dong ding-dong
03:30  7 bells  Middle watch     ding-dong ding-dong ding-dong ding
04:00  8 bells  Middle watch     ding-dong ding-dong ding-dong ding-dong
04:30  1 bell   Morning watch    ding
05:00  2 bells  Morning watch    ding-dong
05:30  3 bells  Morning watch    ding-dong ding
06:00  4 bells  Morning watch    ding-dong ding-dong
06:30  5 bells  Morning watch    ding-dong ding-dong ding
07:00  6 bells  Morning watch    ding-dong ding-dong ding-dong
07:30  7 bells  Morning watch    ding-dong ding-dong ding-dong ding
08:00  8 bells  Morning watch    ding-dong ding-dong ding-dong ding-dong
08:30  1 bell   Forenoon watch   ding
09:00  2 bells  Forenoon watch   ding-dong
09:30  3 bells  Forenoon watch   ding-dong ding
10:00  4 bells  Forenoon watch   ding-dong ding-dong
10:30  5 bells  Forenoon watch   ding-dong ding-dong ding
11:00  6 bells  Forenoon watch   ding-dong ding-dong ding-dong
11:30  7 bells  Forenoon watch   ding-dong ding-dong ding-dong ding
12:00  8 bells  Forenoon watch   ding-dong ding-dong ding-dong ding-dong
12:30  1 bell   Afternoon watch  ding
13:00  2 bells  Afternoon watch  ding-dong
13:30  3 bells  Afternoon watch  ding-dong ding
14:00  4 bells  Afternoon watch  ding-dong ding-dong
14:30  5 bells  Afternoon watch  ding-dong ding-dong ding
15:00  6 bells  Afternoon watch  ding-dong ding-dong ding-dong
15:30  7 bells  Afternoon watch  ding-dong ding-dong ding-dong ding
16:00  8 bells  Afternoon watch  ding-dong ding-dong ding-dong ding-dong
16:30  1 bell   First dog watch  ding
17:00  2 bells  First dog watch  ding-dong
17:30  3 bells  First dog watch  ding-dong ding
18:00  4 bells  First dog watch  ding-dong ding-dong
18:30  5 bells  Last dog watch   ding-dong ding-dong ding
19:00  6 bells  Last dog watch   ding-dong ding-dong ding-dong
19:30  7 bells  Last dog watch   ding-dong ding-dong ding-dong ding
20:00  8 bells  Last dog watch   ding-dong ding-dong ding-dong ding-dong
20:30  1 bell   First watch      ding
21:00  2 bells  First watch      ding-dong
21:30  3 bells  First watch      ding-dong ding
22:00  4 bells  First watch      ding-dong ding-dong
22:30  5 bells  First watch      ding-dong ding-dong ding
23:00  6 bells  First watch      ding-dong ding-dong ding-dong
23:30  7 bells  First watch      ding-dong ding-dong ding-dong ding
00:00  8 bells  First watch      ding-dong ding-dong ding-dong ding-dong
