I am thinking of a number between 1 and 100.
Your guess: one hundred
That is not a number between 1 and 100.
Your guess: 150
That is not a number between 1 and 100.
Your guess: 50
Too high.
Your guess: 25
Too low.
Your guess: 37
Too low.
Your guess: 43
Too low.
Your guess: 46
Too low.
Your guess: 47
Too low.
Your guess: 48
Well guessed!
