collapsed on attempt 3

...#.#.#...#.#...
############.####
.#.......#.#.#.#.
.#########.#####.
.#.#.#.#.#.#...#.
##########.######
.........#.#.#...
.........#####...
.........#...#...
#################
.#.#.#.#...#...#.
##.###.#####...##
.#.#.#.#.#.#...#.
.#####.###.#####.
.#...#.#.#.#.#.#.
######.#####.####
...#.#.#...#.#...
<<image tile.png>>
