  1: 4C v JH: player 2 takes 2, 25 to 27
  2: 9H v AD: player 2 takes 2, 24 to 28
  3: 10S v 9S: player 1 takes 2, 25 to 27
  4: 4H v 9C: player 2 takes 2, 24 to 28
  5: 8H v JS: player 2 takes 2, 23 to 29
  6: 2C v 5C: player 2 takes 2, 22 to 30
  7: 3D v 4S: player 2 takes 2, 21 to 31
  8: 6C v 9D: player 2 takes 2, 20 to 32
  9: 6H v QS: player 2 takes 2, 19 to 33
 10: 2D v 3S: player 2 takes 2, 18 to 34
 11: 6S v 6D, war, QC v KD: player 2 takes 6, 15 to 37
 12: 8S v 5S: player 1 takes 2, 16 to 36
 13: 7C v 10D: player 2 takes 2, 15 to 37
 14: JC v 3C: player 1 takes 2, 16 to 36
 15: 7H v QD: player 2 takes 2, 15 to 37
 16: 7S v 7D, war, AC v AS, war, 10H v AH: player 2 takes 10, 10 to 42
 17: 4D v 3H: player 1 takes 2, 11 to 41
 18: 10C v KH: player 2 takes 2, 10 to 42
 19: QH v JD: player 1 takes 2, 11 to 41
 20: 5D v 8D: player 2 takes 2, 10 to 42
 21: 10S v 4C: player 1 takes 2, 11 to 41
 22: 9S v JH: player 2 takes 2, 10 to 42
 23: 8S v AD: player 2 takes 2, 9 to 43
 24: 5S v 9H: player 2 takes 2, 8 to 44
 25: JC v 9C: player 1 takes 2, 9 to 43
 26: 3C v 4H: player 2 takes 2, 8 to 44
 27: 3H v 8H: player 2 takes 2, 7 to 45
 28: 4D v JS: player 2 takes 2, 6 to 46
 29: JD v 2C: player 1 takes 2, 7 to 45
 30: QH v 5C: player 1 takes 2, 8 to 44
 31: 4C v 4S, war, JC v 6C: player 1 takes 6, 11 to 41
 32: 9C v 9D, war, 2C v 6H: player 2 takes 6, 8 to 44
 33: QH v 2D: player 1 takes 2, 9 to 43
 34: 5C v 3S: player 1 takes 2, 10 to 42
 35: 4C v KD: player 2 takes 2, 9 to 43
 36: 6C v 5H: player 1 takes 2, 10 to 42
 37: 10S v QC: player 2 takes 2, 9 to 43
 38: 4S v KS: player 2 takes 2, 8 to 44
 39: 3D v 6D: player 2 takes 2, 7 to 45
 40: JC v 6S: player 1 takes 2, 8 to 44
 41: QH v 7C: player 1 takes 2, 9 to 43
 42: 2D v 10D: player 2 takes 2, 8 to 44
 43: 3S v QD: player 2 takes 2, 7 to 45
 44: 5C v 7H: player 2 takes 2, 6 to 46
 45: 6C v AC: player 2 takes 2, 5 to 47
 46: 5H v 10H: player 2 takes 2, 4 to 48
 47: JC v 7S: player 1 takes 2, 5 to 47
 48: 6S v 2S: player 1 takes 2, 6 to 46
 49: 7C v 7D, war, 7S v AS: player 2 takes 6, 3 to 49
 50: JC v AH: player 2 takes 2, 2 to 50
 51: 2S v 2H, war, but one hand runs out: player 2 takes 2, 1 to 51
 52: 6S v KC: player 2 takes 2, 0 to 52

player 2 has all 52 cards after 52 rounds
