points:            [(0, 0), (3, 1), (6, 0), (8, 4), (6, 7), (2, 6), (0, 4), (4, 4), (9, 8)]
spanning tree:     [(0, 1), (1, 2), (1, 7), (7, 5), (5, 6), (7, 4), (4, 8), (4, 3)]
odd vertices:      [0, 1, 2, 3, 4, 6, 7, 8]
matching:          [(0, 6), (1, 2), (3, 7), (4, 8)]
eulerian circuit:  [0, 6, 5, 7, 3, 4, 8, 4, 7, 1, 2, 1, 0]
hamiltonian tour:  [0, 6, 5, 7, 3, 4, 8, 1, 2, 0]
tour length:       38.807
