NAME_HIERARCHY                  |WEIGHT  |COVERAGE  | OVERALL
cleaning                        |        |          |  0.4092
    house1                      |40      |          |  0.3313
        bedrooms                |        |0.25      |  0.2500
        bathrooms               |        |          |  0.5000
            bathroom1           |        |0.5       |  0.5000
            bathroom2           |        |          |  0.0000
            outside_lavatory    |        |1         |  1.0000
        attic                   |        |0.75      |  0.7500
        kitchen                 |        |0.1       |  0.1000
        living_rooms            |        |          |  0.2500
            lounge              |        |          |  0.0000
            dining_room         |        |          |  0.0000
            conservatory        |        |          |  0.0000
            playroom            |        |1         |  1.0000
        basement                |        |          |  0.0000
        garage                  |        |          |  0.0000
        garden                  |        |0.8       |  0.8000
    house2                      |60      |          |  0.4611
        upstairs                |        |          |  0.1500
            bedrooms            |        |          |  0.0000
                suite_1         |        |          |  0.0000
                suite_2         |        |          |  0.0000
                bedroom_3       |        |          |  0.0000
                bedroom_4       |        |          |  0.0000
            bathroom            |        |          |  0.0000
            toilet              |        |          |  0.0000
            attics              |        |0.6       |  0.6000
        groundfloor             |        |          |  0.3167
            kitchen             |        |          |  0.0000
            living_rooms        |        |          |  0.0000
                lounge          |        |          |  0.0000
                dining_room     |        |          |  0.0000
                conservatory    |        |          |  0.0000
                playroom        |        |          |  0.0000
            wet_room_&_toilet   |        |          |  0.0000
            garage              |        |          |  0.0000
            garden              |        |0.9       |  0.9000
            hot_tub_suite       |        |1         |  1.0000
        basement                |        |          |  0.9167
            cellars             |        |1         |  1.0000
            wine_cellar         |        |1         |  1.0000
            cinema              |        |0.75      |  0.7500
