The first 25 abundant odd numbers:
          945  proper divisor sum           975
        1,575  proper divisor sum         1,649
        2,205  proper divisor sum         2,241
        2,835  proper divisor sum         2,973
        3,465  proper divisor sum         4,023
        4,095  proper divisor sum         4,641
        4,725  proper divisor sum         5,195
        5,355  proper divisor sum         5,877
        5,775  proper divisor sum         6,129
        5,985  proper divisor sum         6,495
        6,435  proper divisor sum         6,669
        6,615  proper divisor sum         7,065
        6,825  proper divisor sum         7,063
        7,245  proper divisor sum         7,731
        7,425  proper divisor sum         7,455
        7,875  proper divisor sum         8,349
        8,085  proper divisor sum         8,331
        8,415  proper divisor sum         8,433
        8,505  proper divisor sum         8,967
        8,925  proper divisor sum         8,931
        9,135  proper divisor sum         9,585
        9,555  proper divisor sum         9,597
        9,765  proper divisor sum        10,203
       10,395  proper divisor sum        12,645
       11,025  proper divisor sum        11,946

The one thousandth:
      492,975  proper divisor sum       519,361

The first above one billion:
1,000,000,575  proper divisor sum 1,083,561,009
