     0  1  2  3  4  5  6  7  8  9

0    n  u  t  s  u  l  y  t  s  R
1    O  e  s  s  s  w  a  g  S  k
2    w  r  o  n  g  f  u  l  a  b
3    k  l  a  n  e  l  p  y  a  g
4    g  n  i  r  E  o  r  l  r  o
5    n  T  e  T  c  u  s  a  d  u
6    o  h  t  n  t  t  c  i  o  t
7    n  u  i  l  y  n  c  d  l  g
8    g  A  C  n  e  a  O  l  p  a
9    D  d  a  m  t  g  p  e  E  s

cat        (6,7)(4,9)     cop        (4,5)(6,3)
dam        (1,9)(3,9)     flout      (5,2)(5,6)
gas        (9,7)(9,9)     gel        (5,9)(3,7)
gout       (9,3)(9,6)     gut        (0,8)(2,6)
here       (1,6)(4,3)     hint       (1,6)(4,9)
idle       (7,6)(7,9)     kay        (9,1)(7,3)
klan       (0,3)(3,3)     ncar       (5,7)(8,4)
non        (0,7)(0,5)     payne      (6,9)(2,5)
plod       (8,8)(8,5)     ring       (3,4)(0,4)
rut        (6,4)(4,6)     slab       (6,5)(9,2)
sse        (3,1)(1,1)     stylus     (8,0)(3,0)
swag       (4,1)(7,1)     tun        (2,0)(0,0)
wrongful   (0,2)(7,2)

25 words
