rule 90
...............#...............
..............#.#..............
.............#...#.............
............#.#.#.#............
...........#.......#...........
..........#.#.....#.#..........
.........#...#...#...#.........
........#.#.#.#.#.#.#.#........
.......#...............#.......
......#.#.............#.#......
.....#...#...........#...#.....
....#.#.#.#.........#.#.#.#....
...#.......#.......#.......#...
..#.#.....#.#.....#.#.....#.#..
.#...#...#...#...#...#...#...#.
#.#.#.#.#.#.#.#.#.#.#.#.#.#.#.#

rule 30
...............#...............
..............###..............
.............##..#.............
............##.####............
...........##..#...#...........
..........##.####.###..........
.........##..#....#..#.........
........##.####..######........
.......##..#...###.....#.......
......##.####.##..#...###......
.....##..#....#.####.##..#.....
....##.####..##.#....#.####....
...##..#...###..##..##.#...#...
..##.####.##..###.###..##.###..
.##..#....#.###...#..###..#..#.
##.####..##.#..#.#####..#######

rule 110
...............#...............
..............##...............
.............###...............
............##.#...............
...........#####...............
..........##...#...............
.........###..##...............
........##.#.###...............
.......#######.#...............
......##.....###...............
.....###....##.#...............
....##.#...#####...............
...#####..##...#...............
..##...#.###..##...............
.###..####.#.###...............
##.#.##..#####.#...............

