membership:
  (0,1] u [0,2)   0: True  1: True  2: False
  [0,2) n (1,2]   0: False 1: False 2: False
  [0,3) - (0,1)   0: True  1: True  2: True
  [0,3) - [0,1]   0: False 1: False 2: True

emptiness over [0,2]:
  [1,1] is empty: False
  (1,1) is empty: True
  (0,0] is empty: True

length of A - B over (0,10): 2.076
