iccanobif-primes.ghul(62,12,62,20): warning impure-function-argument: argument must be a pure function [iccanobif-primes.ghulproj]
iccanobif-primes.ghul(68,41,68,52): warning impure-function-argument: argument must be a pure function [iccanobif-primes.ghulproj]
iccanobif-primes.ghul(71,41,71,63): warning impure-function-argument: argument must be a pure function [iccanobif-primes.ghulproj]
