iccanobif-primes.ghul(63,12,63,20): warning impure-function-argument: argument must be a pure function [iccanobif-primes.ghulproj]
iccanobif-primes.ghul(69,41,69,52): warning impure-function-argument: argument must be a pure function [iccanobif-primes.ghulproj]
iccanobif-primes.ghul(72,41,72,63): warning impure-function-argument: argument must be a pure function [iccanobif-primes.ghulproj]
