Zero is four, four is magic.
One is three, three is five, five is four, four is magic.
Two is three, three is five, five is four, four is magic.
Three is five, five is four, four is magic.
Four is magic.
Five is four, four is magic.
Six is three, three is five, five is four, four is magic.
Seven is five, five is four, four is magic.
Eight is five, five is four, four is magic.
Nine is four, four is magic.
Negative seven is fourteen, fourteen is eight, eight is five, five is four, four is magic.
Twenty is six, six is three, three is five, five is four, four is magic.
One hundred is eleven, eleven is six, six is three, three is five, five is four, four is magic.
One hundred thirty is eighteen, eighteen is eight, eight is five, five is four, four is magic.
One hundred fifty-one is twenty-one, twenty-one is ten, ten is three, three is five, five is four, four is magic.
Twelve thousand three hundred forty-five is forty, forty is five, five is four, four is magic.
Twenty thousand one hundred forty is thirty-three, thirty-three is twelve, twelve is six, six is three, three is five, five is four, four is magic.
Nine hundred ninety-nine thousand nine hundred ninety-nine is fifty-eight, fifty-eight is eleven, eleven is six, six is three, three is five, five is four, four is magic.
One million is eleven, eleven is six, six is three, three is five, five is four, four is magic.
One billion two hundred thirty-four million five hundred sixty-seven thousand eight hundred ninety is ninety-eight, ninety-eight is twelve, twelve is six, six is three, three is five, five is four, four is magic.
Nine quadrillion seven trillion one hundred ninety-nine billion two hundred fifty-four million seven hundred forty thousand nine hundred ninety-two is one hundred forty-seven, one hundred forty-seven is twenty-three, twenty-three is twelve, twelve is six, six is three, three is five, five is four, four is magic.
