compiler-ast-interpreter.ghul(46,28,50,15): warning redundant-val-block: parenthesised block is redundant [compiler-ast-interpreter.ghulproj]
compiler-ast-interpreter.ghul(51,24,56,15): warning redundant-val-block: parenthesised block is redundant [compiler-ast-interpreter.ghulproj]
compiler-ast-interpreter.ghul(57,27,61,15): warning redundant-val-block: parenthesised block is redundant [compiler-ast-interpreter.ghulproj]
compiler-ast-interpreter.ghul(62,30,62,68): warning redundant-val-block: parenthesised block is redundant [compiler-ast-interpreter.ghulproj]
compiler-ast-interpreter.ghul(63,26,63,68): warning redundant-val-block: parenthesised block is redundant [compiler-ast-interpreter.ghulproj]
compiler-ast-interpreter.ghul(64,26,64,61): warning redundant-val-block: parenthesised block is redundant [compiler-ast-interpreter.ghulproj]
compiler-ast-interpreter.ghul(65,26,69,15): warning redundant-val-block: parenthesised block is redundant [compiler-ast-interpreter.ghulproj]
