compiler-ast-interpreter.ghul(45,28,49,15): warning redundant-val-block: parenthesised block is redundant [compiler-ast-interpreter.ghulproj]
compiler-ast-interpreter.ghul(50,24,55,15): warning redundant-val-block: parenthesised block is redundant [compiler-ast-interpreter.ghulproj]
compiler-ast-interpreter.ghul(56,27,60,15): warning redundant-val-block: parenthesised block is redundant [compiler-ast-interpreter.ghulproj]
compiler-ast-interpreter.ghul(61,30,61,68): warning redundant-val-block: parenthesised block is redundant [compiler-ast-interpreter.ghulproj]
compiler-ast-interpreter.ghul(62,26,62,68): warning redundant-val-block: parenthesised block is redundant [compiler-ast-interpreter.ghulproj]
compiler-ast-interpreter.ghul(63,26,63,61): warning redundant-val-block: parenthesised block is redundant [compiler-ast-interpreter.ghulproj]
compiler-ast-interpreter.ghul(64,26,68,15): warning redundant-val-block: parenthesised block is redundant [compiler-ast-interpreter.ghulproj]
