problem 1: 8 by 9
. # # # . . . .
# # . # . . . .
. # # # . . # #
. . # # . . # #
. . # # # # # #
# . # # # # # .
# # # # # # . .
. . . . # . . .
. . . # # . . .

problem 2: 20 by 10
. . . . . . . . . . # # # # # # . . . .
. . . . . . . . # # # . # . . # # # . .
. . . # . . # # # . . . # . . . . # # #
. . # # # . # # # # # # # # # # # # # #
. . . # . . # . . . . . . . . . . . . #
. . # . # . # # . . . . . . . . . . # #
# # # # # . . # # . . . . . . . . # # .
# # # # # . . . # . . . . . . . . # . .
# # # # # . . # # # . # # # . # # # . .
# # # # # # # # . # # # . # # # . # # #

problem 3: 20 by 25
. . . . # # # . # . . . . . . . . . . .
. . . . # # . # # # # . # . . . . . . .
. . . . # . # # # . # # # . . . . . . .
. . # # . # # # # . . . . . . . . . . .
. # # # . # # # . # . . . . # # # . . .
# # # . . # # . # # . . . # . # # # . .
# # . . # # . # # . . . . # # . # # . .
. . . . # # . # . # . . # # . # . # . .
. . . . # . # # . # . . . # # # # . . .
. . . . # . # . # # . . . . . # # . . .
. . . . . # # . # # . . # # # # # # # #
. . . . # # . # # . . . # # . . # # # #
. . . . # . # # . # # . # . . . # . . #
# # # . . # # # . # # # # # . . . . . #
# . # . # # # . # . . . . # . . . . # #
# # . . # # # . # . . . . # # # . # # #
. # . # # # . # # . # # # # # # # # . .
. # # # # . # # # . # # # # # # # # . .
. . . # . # # # # . # # . # # # # # . .
. . . # . # # # # . # # . . . # # . . .
. . . . # # # # . . # # . . . # # # # #
. . . # # # # # . # # # . . . # # # # #
. . . # # # # . # . . . . . . . . . . #
. . # # # # . # # . . . . . . . . . . .
. . # # # . # # # . . . . . . . . . . .

problem 4: 25 by 20
. . . . . . . . . . . . . . . . . . . . # # # # #
. . # # . . . . . . . . . . . . . . # # # . . # #
. # # . . . . . . . . . . . . . . # # # # # . . #
# # . . . . . . . . . . . . . # # # # # # # # . .
# # . . . . # # # # # . # # # # # # # # # # # . .
# . # . . # # . . . . # . . . . # # # # # # . . .
# . . # # . . . . . # . . . . . . . # # # . . . .
# # . . . . . . . . # . . . . . . . . . . . . . #
. # # . . . . . # # # # # # . . . . . . . . . # #
. . # # # # # # # # # # # # # # # . . . . # # # #
. . . . . # # # # # # # # # # . . # # # # # # # #
. . . . # # . # . # # # # . # # # . . # # # # # #
. . . . . . . . # # # # # # # # # # # # # # # # #
. . . . . . . . # # # # # # # # # # # # # # # # #
. . . . . . . # # # # # # # # # # # # # # # # # #
. . . . . . . # . . . # # # # # # # # # # # # # #
. . . . . . . # . # . # # # # # # # # # # # # # #
. . . . . . . . # # # # # . . . # # # # # # # # #
. . . . . . . . . . . . . . . . . # # # # # # # #
. . . . . . . . . . . . . . . . . . # # # # # # #

