  call-a-foreign-language-function.ghul: 32,14..32,95: warn: [cast-may-throw] cast to non-optional word -> word may throw; use cast word -> word? for null on failure
  call-a-foreign-language-function.ghul: 33,12..33,58: warn: [cast-may-throw] cast to non-optional word -> void may throw; use cast word -> void? for null on failure
