pisano-period.ghul(100,25,100,52): warning impure-function-argument: argument must be a pure function [pisano-period.ghulproj]
pisano-period.ghul(92,32,92,68): warning impure-function-argument: argument must be a pure function [pisano-period.ghulproj]
pisano-period.ghul(96,33,96,69): warning impure-function-argument: argument must be a pure function [pisano-period.ghulproj]
