stirling-numbers-of-the-first-kind.ghul(17,24,24,18): warning impure-function-argument: argument must be a pure function [stirling-numbers-of-the-first-kind.ghulproj]
stirling-numbers-of-the-first-kind.ghul(33,42,33,56): warning impure-function-argument: argument must be a pure function [stirling-numbers-of-the-first-kind.ghulproj]
