formal-power-series.ghul(59,20,59,48): warning impure-function-argument: argument must be a pure function [formal-power-series.ghulproj]
formal-power-series.ghul(67,24,67,61): warning impure-function-argument: argument must be a pure function [formal-power-series.ghulproj]
formal-power-series.ghul(81,39,81,61): warning impure-function-argument: argument must be a pure function [formal-power-series.ghulproj]
