formal-power-series.ghul(58,20,58,48): warning impure-function-argument: argument must be a pure function [formal-power-series.ghulproj]
formal-power-series.ghul(66,24,66,61): warning impure-function-argument: argument must be a pure function [formal-power-series.ghulproj]
formal-power-series.ghul(80,39,80,61): warning impure-function-argument: argument must be a pure function [formal-power-series.ghulproj]
