points         0    1    2    3    4    5    6    7    8    9
------------------------------------------------------------
1st place    0    0    0    1   14  148  152  306    0  108
2nd place    0    0    4   33  338  172  164   18    0    0
3rd place    0   18  136  273  290    4    8    0    0    0
4th place  108  306  184  125    6    0    0    0    0    0
