ruleset 1:
    I bought a B of As from T S.
    I bought a bag of apples from my brother.

ruleset 2:
    I bought a B of As from T S.
    I bought a bag of apples from T shop.

ruleset 3:
    I bought a B of As W my Bgage from T S.
    I bought a bag of apples with my money from T shop.

ruleset 4:
    _1111*11111_
    11111111111111111111

ruleset 5:
    000000A000000
    00011H1111000

