Aristotle is thinking
Kant is thinking
Spinoza is thinking
Marx is thinking
Russell is thinking
Aristotle eats with forks 0 and 1
Spinoza eats with forks 2 and 3
Aristotle puts the forks down
Aristotle is thinking
Spinoza puts the forks down
Spinoza is thinking
Marx eats with forks 3 and 4
Kant eats with forks 1 and 2
Marx puts the forks down
Marx is thinking
Russell eats with forks 0 and 4
Kant puts the forks down
Kant is thinking
Spinoza eats with forks 2 and 3
Russell puts the forks down
Russell is thinking
Aristotle eats with forks 0 and 1
Spinoza puts the forks down
Marx eats with forks 3 and 4
Aristotle puts the forks down
Kant eats with forks 1 and 2
Marx puts the forks down
Russell eats with forks 0 and 4
Kant puts the forks down
Russell puts the forks down
