Ann finished part 1
Cid finished part 1
Bill finished part 1
assembled Ann's part 1, Cid's part 1, Bill's part 1
Ann finished part 2
Bill finished part 2
Cid finished part 2
assembled Ann's part 2, Bill's part 2, Cid's part 2
Cid finished part 3
Ann finished part 3
Bill finished part 3
assembled Cid's part 3, Ann's part 3, Bill's part 3
