shortest common superstring: TAGAAG
  6 bases
  A: 3
  G: 2
  T: 1

shortest common superstring: CATTAGGG
  8 bases
  A: 2
  C: 1
  G: 3
  T: 2

shortest common superstring: AAGAUGGAGCGCAUCGCAAUAAGGA
  25 bases
  A: 10
  C: 4
  G: 8
  U: 3

shortest common superstring: CGTAAAAAATTACAACGTCCTTTGGCTATCTCTTAAACTCCTGCTAAATGCTCGTGCTTTCCAATTATGTAAGCGTTCCGAGACGGGGTGGTCGATTCTGAGGACAAAGGTCAAGATGGAGCGCATCGAACGCAATAAGGATCATTTGATGGGACGTTTCGTCGACAAAGTCTTGTTTCGAGAGTAACGGCTACCGTCTTCGATTCTGCTTATAACACTATGTTCTTATGAAATGGATGTTCTGAGTTGGTCAGTCCCAATGTGCGGGGTTTCTTTTAGTACGTCGGGAGTGGTATTATA
  300 bases
  A: 74
  C: 57
  G: 75
  T: 94

