n-isograms with n > 1:
3  aaa
3  iii
2  beriberi
2  bilabial
2  caucasus
2  couscous
2  teammate
2  appall
2  emmett
2  hannah
2  murmur
2  tartar
2  testes
2  anna
2  coco
2  dada
2  deed
2  dodo
2  gogo
2  isis
2  juju
2  lulu
2  mimi
2  noon
2  otto
2  papa
2  peep
2  poop
2  teet
2  tete
2  toot
2  tutu
2  ii

Heterograms with more than 10 letters:
ambidextrous
bluestocking
exclusionary
incomputable
lexicography
loudspeaking
malnourished
atmospheric
blameworthy
centrifugal
christendom
consumptive
countervail
countryside
countrywide
disturbance
documentary
earthmoving
exculpatory
geophysical
inscrutable
misanthrope
problematic
selfadjoint
stenography
sulfonamide
switchblade
switchboard
switzerland
thunderclap
valedictory
voluntarism
