5 cells and [2, 1] blocks: 3 positions
    |#|#|_|#|_|
    |#|#|_|_|#|
    |_|#|#|_|#|
5 cells and [] blocks: 1 positions
    |_|_|_|_|_|
10 cells and [8] blocks: 3 positions
    |#|#|#|#|#|#|#|#|_|_|
    |_|#|#|#|#|#|#|#|#|_|
    |_|_|#|#|#|#|#|#|#|#|
15 cells and [2, 3, 2, 3] blocks: 15 positions
    |#|#|_|#|#|#|_|#|#|_|#|#|#|_|_|
    |#|#|_|#|#|#|_|#|#|_|_|#|#|#|_|
    |#|#|_|#|#|#|_|#|#|_|_|_|#|#|#|
    |#|#|_|#|#|#|_|_|#|#|_|#|#|#|_|
    |#|#|_|#|#|#|_|_|#|#|_|_|#|#|#|
    |#|#|_|#|#|#|_|_|_|#|#|_|#|#|#|
    |#|#|_|_|#|#|#|_|#|#|_|#|#|#|_|
    |#|#|_|_|#|#|#|_|#|#|_|_|#|#|#|
    |#|#|_|_|#|#|#|_|_|#|#|_|#|#|#|
    |#|#|_|_|_|#|#|#|_|#|#|_|#|#|#|
    |_|#|#|_|#|#|#|_|#|#|_|#|#|#|_|
    |_|#|#|_|#|#|#|_|#|#|_|_|#|#|#|
    |_|#|#|_|#|#|#|_|_|#|#|_|#|#|#|
    |_|#|#|_|_|#|#|#|_|#|#|_|#|#|#|
    |_|_|#|#|_|#|#|#|_|#|#|_|#|#|#|
5 cells and [2, 3] blocks: 0 positions
