    1: CGTAAAAAATTACAACGTCCTTTGGCTATCTCTTAAACTCCTGCTAAATG
   51: CTCGTGCTTTCCAATTATGTAAGCGTTCCGAGACGGGGTGGTCGATTCTG
  101: AGGACAAAGGTCAAGATGGAGCGCATCGAACGCAATAAGGATCATTTGAT
  151: GGGACGTTTCGTCGACAAAGTCTTGTTTCGAGAGTAACGGCTACCGTCTT
  201: CGATTCTGCTTATAACACTATGTTCTTATGAAATGGATGTTCTGAGTTGG
  251: TCAGTCCCAATGTGCGGGGTTTCTTTTAGTACGTCGGGAGTGGTATTATA
  301: TTTAATTTTTCTATATAGCGATCTGTATTTAAGCAATTCATTTAGGTTAT
  351: CGCCGCGATGCTCGGTTCGGACCGCCAAGCATCTGGCTCCACTGCTAGTG
  401: TCCTAAATTTGAATGGCAAACACAAATAAGATTTAGCAATTCGTGTAGAC
  451: GACCGGGGACTTGCATGATGGGAGCAGCTTTGTTAAACTACGAACGTAAT

A:   129
C:    97
G:   119
T:   155

total:   500
