faulhabers-triangle.ghul(40,23,41,66): warning impure-function-argument: argument must be a pure function [faulhabers-triangle.ghulproj]
faulhabers-triangle.ghul(52,42,54,77): warning impure-function-argument: argument must be a pure function [faulhabers-triangle.ghulproj]
faulhabers-triangle.ghul(69,16,74,10): warning impure-function-argument: argument must be a pure function [faulhabers-triangle.ghulproj]
faulhabers-triangle.ghul(81,49,81,68): warning impure-function-argument: argument must be a pure function [faulhabers-triangle.ghulproj]
