index-finite-lists-of-positive-integers.ghul(53,38,53,49): warning impure-function-argument: argument must be a pure function [index-finite-lists-of-positive-integers.ghulproj]
index-finite-lists-of-positive-integers.ghul(55,40,55,51): warning impure-function-argument: argument must be a pure function [index-finite-lists-of-positive-integers.ghulproj]
