index-finite-lists-of-positive-integers.ghul(55,38,55,49): warning impure-function-argument: argument must be a pure function [index-finite-lists-of-positive-integers.ghulproj]
index-finite-lists-of-positive-integers.ghul(57,40,57,51): warning impure-function-argument: argument must be a pure function [index-finite-lists-of-positive-integers.ghulproj]
