do you want to go first? (y/n): y
first to reach exactly 21 wins
total 0, your move: 5
choose 1, 2 or 3, or q to quit
total 0, your move: 2
I play 3, total 5
total 5, your move: 1
I play 3, total 9
total 9, your move: 3
I play 1, total 13
total 13, your move: 3
I play 1, total 17
total 17, your move: 2
I play 2, total 21
I reach 21, I win
