jacobsthal-numbers.ghul(37,27,37,42): warning impure-function-argument: argument must be a pure function [jacobsthal-numbers.ghulproj]
jacobsthal-numbers.ghul(38,20,38,36): warning impure-function-argument: argument must be a pure function [jacobsthal-numbers.ghulproj]
jacobsthal-numbers.ghul(45,31,45,55): warning impure-function-argument: argument must be a pure function [jacobsthal-numbers.ghulproj]
jacobsthal-numbers.ghul(52,28,52,36): warning impure-function-argument: argument must be a pure function [jacobsthal-numbers.ghulproj]
