character  name                                  unicode    utf-8
A          LATIN CAPITAL LETTER A                U+0041     41
ö          LATIN SMALL LETTER O WITH DIAERESIS   U+00F6     C3 B6
Ж          CYRILLIC CAPITAL LETTER ZHE           U+0416     D0 96
€          EURO SIGN                             U+20AC     E2 82 AC
𝄞         MUSICAL SYMBOL G CLEF                 U+1D11E    F0 9D 84 9E
