            <    23      11
    23 ..<     37       4
    37 ..<     43       2
    43 ..<     53       6
    53 ..<     67       9
    67 ..<     83       5
           >=    83      13

            <    14       3
    14 ..<     18       0
    18 ..<    249      44
   249 ..<    312      10
   312 ..<    389      16
   389 ..<    392       2
   392 ..<    513      28
   513 ..<    591      16
   591 ..<    634       6
   634 ..<    720      16
           >=   720      59
