take 1, 2 or 3 tokens a turn; taking the last one wins
12 left. How many do you take?
> 3
you take 3, the computer takes 1
8 left. How many do you take?
> 5
take 1, 2 or 3
8 left. How many do you take?
> three
take 1, 2 or 3
8 left. How many do you take?
> 1
you take 1, the computer takes 3
4 left. How many do you take?
> 2
you take 2, the computer takes 2
the computer took the last token and wins
