Race 4

Pos Horse  Weight  Dist  Sex
1   I      8.11    0.0   filly
2   J      8.11    2.0   filly
3   A      9.00    1.0   colt
4   F      9.00    0.5   colt
5   H      9.00    0.5   colt
6   E      9.00    0.5   colt
7   B      8.11    1.0   filly
7=  D      8.11    0.0   filly
9   C      9.00    1.0   colt
10  G      9.00    0.5   colt

Time 1 minute 35.4 seconds
