Rank:   1 ( 483 users) C
Rank:   2 ( 371 users) Python
Rank:   3 ( 354 users) Java
Rank:   4 ( 344 users) C++
Rank:   5 ( 320 users) JavaScript
Rank:   6 ( 206 users) PHP
Rank:   7 ( 197 users) Perl
Rank:   8 ( 186 users) SQL
Rank:   9 ( 165 users) UNIX Shell
Rank:  10 ( 143 users) Pascal
Rank:  11 ( 141 users) BASIC
Rank:  12 ( 137 users) C sharp
Rank:  13 ( 120 users) Haskell
Rank:  14 ( 116 users) Ruby
Rank:  15 ( 105 users) Fortran
