100 doors: 402 examples.
100 prisoners: 102 examples.
15 puzzle game: 97 examples.
15 puzzle solver: 43 examples.
2048: 73 examples.
21 game: 70 examples.
24 game: 120 examples.
24 game/Solve: 75 examples.
4-rings or 4-squares puzzle: 81 examples.
9 billion names of God the integer: 75 examples.

Total: 1138 examples.
