rule 90:
                         #
                        #.#
                       #...#
                      #.#.#.#
                     #.......#
                    #.#.....#.#
                   #...#...#...#
                  #.#.#.#.#.#.#.#
                 #...............#
                #.#.............#.#
               #...#...........#...#
              #.#.#.#.........#.#.#.#
             #.......#.......#.......#
            #.#.....#.#.....#.#.....#.#
           #...#...#...#...#...#...#...#
          #.#.#.#.#.#.#.#.#.#.#.#.#.#.#.#
         #...............................#
        #.#.............................#.#
       #...#...........................#...#
      #.#.#.#.........................#.#.#.#
     #.......#.......................#.......#
    #.#.....#.#.....................#.#.....#.#
   #...#...#...#...................#...#...#...#
  #.#.#.#.#.#.#.#.................#.#.#.#.#.#.#.#
 #...............#...............#...............#
rule 30:
                         #
                        ###
                       ##..#
                      ##.####
                     ##..#...#
                    ##.####.###
                   ##..#....#..#
                  ##.####..######
                 ##..#...###.....#
                ##.####.##..#...###
               ##..#....#.####.##..#
              ##.####..##.#....#.####
             ##..#...###..##..##.#...#
            ##.####.##..###.###..##.###
           ##..#....#.###...#..###..#..#
          ##.####..##.#..#.#####..#######
         ##..#...###..####.#....###......#
        ##.####.##..###....##..##..#....###
       ##..#....#.###..#..##.###.####..##..#
      ##.####..##.#..######..#...#...###.####
     ##..#...###..####.....####.###.##...#...#
    ##.####.##..###...#...##....#...#.#.###.###
   ##..#....#.###..#.###.##.#..###.##.#.#...#..#
  ##.####..##.#..###.#...#..####...#..#.##.######
 ##..#...###..####...##.#####...#.#####.#..#.....#
