symbol  weight  code
' '          6  101
'n'          4  000
'a'          3  1001
'e'          3  1100
'f'          3  1101
'i'          3  1110
'h'          2  11111
'm'          2  0010
'o'          2  0011
's'          2  0100
'c'          1  01010
'd'          1  01011
'g'          1  01100
'l'          1  01101
'p'          1  01110
'r'          1  01111
't'          1  10000
'u'          1  10001
'x'          1  11110
