accomodate -> accommodate 0.0182
accomodate -> commitment 0.3333
definately -> definite 0.0850
definately -> separate 0.3667
goverment -> government 0.0533
goverment -> relevant 0.3398
occured -> occurrence 0.1086
occured -> success 0.3690
publically -> publicly 0.0400
publically -> believe 0.4238
recieve -> receive 0.0333
recieve -> believe 0.1905
seperate -> separate 0.0917
seperate -> relevant 0.3333
untill -> until 0.0333
untill -> publicly 0.3611
wich -> which 0.0600
wich -> weird 0.3300
